Archive member included to satisfy reference by file (symbol)

/usr/lib/gcc/arm-none-eabi/13.2.0/../../../../arm-none-eabi/lib/thumb/v7e-m+fp/hard/libc_nano.a(libc_a-atexit.o)
                              /usr/lib/gcc/arm-none-eabi/13.2.0/../../../../arm-none-eabi/lib/thumb/v7e-m+fp/hard/crt0.o (atexit)
/usr/lib/gcc/arm-none-eabi/13.2.0/../../../../arm-none-eabi/lib/thumb/v7e-m+fp/hard/libc_nano.a(libc_a-exit.o)
                              /usr/lib/gcc/arm-none-eabi/13.2.0/../../../../arm-none-eabi/lib/thumb/v7e-m+fp/hard/crt0.o (exit)
/usr/lib/gcc/arm-none-eabi/13.2.0/../../../../arm-none-eabi/lib/thumb/v7e-m+fp/hard/libc_nano.a(libc_a-findfp.o)
                              /usr/lib/gcc/arm-none-eabi/13.2.0/../../../../arm-none-eabi/lib/thumb/v7e-m+fp/hard/libc_nano.a(libc_a-exit.o) (__stdio_exit_handler)
/usr/lib/gcc/arm-none-eabi/13.2.0/../../../../arm-none-eabi/lib/thumb/v7e-m+fp/hard/libc_nano.a(libc_a-fwalk.o)
                              /usr/lib/gcc/arm-none-eabi/13.2.0/../../../../arm-none-eabi/lib/thumb/v7e-m+fp/hard/libc_nano.a(libc_a-findfp.o) (_fwalk_sglue)
/usr/lib/gcc/arm-none-eabi/13.2.0/../../../../arm-none-eabi/lib/thumb/v7e-m+fp/hard/libc_nano.a(libc_a-printf.o)
                              build/main.o (printf)
/usr/lib/gcc/arm-none-eabi/13.2.0/../../../../arm-none-eabi/lib/thumb/v7e-m+fp/hard/libc_nano.a(libc_a-puts.o)
                              build/main.o (puts)
/usr/lib/gcc/arm-none-eabi/13.2.0/../../../../arm-none-eabi/lib/thumb/v7e-m+fp/hard/libc_nano.a(libc_a-stdio.o)
                              /usr/lib/gcc/arm-none-eabi/13.2.0/../../../../arm-none-eabi/lib/thumb/v7e-m+fp/hard/libc_nano.a(libc_a-findfp.o) (__sread)
/usr/lib/gcc/arm-none-eabi/13.2.0/../../../../arm-none-eabi/lib/thumb/v7e-m+fp/hard/libc_nano.a(libc_a-wbuf.o)
                              /usr/lib/gcc/arm-none-eabi/13.2.0/../../../../arm-none-eabi/lib/thumb/v7e-m+fp/hard/libc_nano.a(libc_a-puts.o) (__swbuf_r)
/usr/lib/gcc/arm-none-eabi/13.2.0/../../../../arm-none-eabi/lib/thumb/v7e-m+fp/hard/libc_nano.a(libc_a-wsetup.o)
                              /usr/lib/gcc/arm-none-eabi/13.2.0/../../../../arm-none-eabi/lib/thumb/v7e-m+fp/hard/libc_nano.a(libc_a-puts.o) (__swsetup_r)
/usr/lib/gcc/arm-none-eabi/13.2.0/../../../../arm-none-eabi/lib/thumb/v7e-m+fp/hard/libc_nano.a(libc_a-memset.o)
                              /usr/lib/gcc/arm-none-eabi/13.2.0/../../../../arm-none-eabi/lib/thumb/v7e-m+fp/hard/crt0.o (memset)
/usr/lib/gcc/arm-none-eabi/13.2.0/../../../../arm-none-eabi/lib/thumb/v7e-m+fp/hard/libc_nano.a(libc_a-closer.o)
                              /usr/lib/gcc/arm-none-eabi/13.2.0/../../../../arm-none-eabi/lib/thumb/v7e-m+fp/hard/libc_nano.a(libc_a-stdio.o) (_close_r)
/usr/lib/gcc/arm-none-eabi/13.2.0/../../../../arm-none-eabi/lib/thumb/v7e-m+fp/hard/libc_nano.a(libc_a-reent.o)
                              /usr/lib/gcc/arm-none-eabi/13.2.0/../../../../arm-none-eabi/lib/thumb/v7e-m+fp/hard/libc_nano.a(libc_a-closer.o) (errno)
/usr/lib/gcc/arm-none-eabi/13.2.0/../../../../arm-none-eabi/lib/thumb/v7e-m+fp/hard/libc_nano.a(libc_a-impure.o)
                              /usr/lib/gcc/arm-none-eabi/13.2.0/../../../../arm-none-eabi/lib/thumb/v7e-m+fp/hard/libc_nano.a(libc_a-printf.o) (_impure_ptr)
/usr/lib/gcc/arm-none-eabi/13.2.0/../../../../arm-none-eabi/lib/thumb/v7e-m+fp/hard/libc_nano.a(libc_a-lseekr.o)
                              /usr/lib/gcc/arm-none-eabi/13.2.0/../../../../arm-none-eabi/lib/thumb/v7e-m+fp/hard/libc_nano.a(libc_a-stdio.o) (_lseek_r)
/usr/lib/gcc/arm-none-eabi/13.2.0/../../../../arm-none-eabi/lib/thumb/v7e-m+fp/hard/libc_nano.a(libc_a-readr.o)
                              /usr/lib/gcc/arm-none-eabi/13.2.0/../../../../arm-none-eabi/lib/thumb/v7e-m+fp/hard/libc_nano.a(libc_a-stdio.o) (_read_r)
/usr/lib/gcc/arm-none-eabi/13.2.0/../../../../arm-none-eabi/lib/thumb/v7e-m+fp/hard/libc_nano.a(libc_a-writer.o)
                              /usr/lib/gcc/arm-none-eabi/13.2.0/../../../../arm-none-eabi/lib/thumb/v7e-m+fp/hard/libc_nano.a(libc_a-stdio.o) (_write_r)
/usr/lib/gcc/arm-none-eabi/13.2.0/../../../../arm-none-eabi/lib/thumb/v7e-m+fp/hard/libc_nano.a(libc_a-init.o)
                              /usr/lib/gcc/arm-none-eabi/13.2.0/../../../../arm-none-eabi/lib/thumb/v7e-m+fp/hard/crt0.o (__libc_init_array)
/usr/lib/gcc/arm-none-eabi/13.2.0/../../../../arm-none-eabi/lib/thumb/v7e-m+fp/hard/libc_nano.a(libc_a-fini.o)
                              /usr/lib/gcc/arm-none-eabi/13.2.0/../../../../arm-none-eabi/lib/thumb/v7e-m+fp/hard/crt0.o (__libc_fini_array)
/usr/lib/gcc/arm-none-eabi/13.2.0/../../../../arm-none-eabi/lib/thumb/v7e-m+fp/hard/libc_nano.a(libc_a-lock.o)
                              /usr/lib/gcc/arm-none-eabi/13.2.0/../../../../arm-none-eabi/lib/thumb/v7e-m+fp/hard/libc_nano.a(libc_a-findfp.o) (__retarget_lock_init_recursive)
/usr/lib/gcc/arm-none-eabi/13.2.0/../../../../arm-none-eabi/lib/thumb/v7e-m+fp/hard/libc_nano.a(libc_a-memcpy-stub.o)
[...]
Memory Configuration

Name             Origin             Length             Attributes
RAM              0x20000000         0x00020000         xrw
CCMRAM           0x10000000         0x00010000         xrw
FLASH            0x08000000         0x00100000         xr
*default*        0x00000000         0xffffffff

Linker script and memory map

LOAD /usr/lib/gcc/arm-none-eabi/13.2.0/thumb/v7e-m+fp/hard/crti.o
LOAD /usr/lib/gcc/arm-none-eabi/13.2.0/thumb/v7e-m+fp/hard/crtbegin.o
LOAD /usr/lib/gcc/arm-none-eabi/13.2.0/../../../../arm-none-eabi/lib/thumb/v7e-m+fp/hard/crt0.o
LOAD build/main.o
LOAD build/stm32f4xx_it.o
LOAD build/stm32f4xx_hal_msp.o
LOAD build/stm32f4xx_hal_tim.o
LOAD build/stm32f4xx_hal_tim_ex.o
LOAD build/stm32f4xx_hal_rcc.o
LOAD build/stm32f4xx_hal_rcc_ex.o
LOAD build/stm32f4xx_hal_flash.o
LOAD build/stm32f4xx_hal_flash_ex.o
LOAD build/stm32f4xx_hal_flash_ramfunc.o
LOAD build/stm32f4xx_hal_gpio.o
LOAD build/stm32f4xx_hal_dma_ex.o
LOAD build/stm32f4xx_hal_dma.o
LOAD build/stm32f4xx_hal_pwr.o
LOAD build/stm32f4xx_hal_pwr_ex.o
LOAD build/stm32f4xx_hal_cortex.o
LOAD build/stm32f4xx_hal.o
LOAD build/stm32f4xx_hal_exti.o
LOAD build/system_stm32f4xx.o
LOAD build/stm32f4xx_hal_uart.o
LOAD build/freertos.o
LOAD build/croutine.o
LOAD build/event_groups.o
LOAD build/list.o
LOAD build/queue.o
LOAD build/stream_buffer.o
LOAD build/tasks.o
LOAD build/timers.o
LOAD build/cmsis_os2.o
LOAD build/heap_4.o
LOAD build/port.o
LOAD build/stm32f4xx_hal_timebase_tim.o
LOAD build/startup_stm32f405xx.o
LOAD /usr/lib/gcc/arm-none-eabi/13.2.0/../../../../arm-none-eabi/lib/thumb/v7e-m+fp/hard/libc_nano.a
LOAD /usr/lib/gcc/arm-none-eabi/13.2.0/../../../../arm-none-eabi/lib/thumb/v7e-m+fp/hard/libm.a
LOAD /usr/lib/gcc/arm-none-eabi/13.2.0/../../../../arm-none-eabi/lib/thumb/v7e-m+fp/hard/libnosys.a
START GROUP
LOAD /usr/lib/gcc/arm-none-eabi/13.2.0/thumb/v7e-m+fp/hard/libgcc.a
LOAD /usr/lib/gcc/arm-none-eabi/13.2.0/../../../../arm-none-eabi/lib/thumb/v7e-m+fp/hard/libc_nano.a
END GROUP
START GROUP
LOAD /usr/lib/gcc/arm-none-eabi/13.2.0/thumb/v7e-m+fp/hard/libgcc.a
LOAD /usr/lib/gcc/arm-none-eabi/13.2.0/../../../../arm-none-eabi/lib/thumb/v7e-m+fp/hard/libc_nano.a
END GROUP
LOAD /usr/lib/gcc/arm-none-eabi/13.2.0/thumb/v7e-m+fp/hard/crtend.o
LOAD /usr/lib/gcc/arm-none-eabi/13.2.0/thumb/v7e-m+fp/hard/crtn.o
                0x20020000                        _estack = (ORIGIN (RAM) + LENGTH (RAM))
                0x00000200                        _Min_Heap_Size = 0x200
                0x00000400                        _Min_Stack_Size = 0x400

.isr_vector     0x08000000      0x188
                0x08000000                        . = ALIGN (0x4)
 *(.isr_vector)
 .isr_vector    0x08000000      0x188 build/startup_stm32f405xx.o
                0x08000000                g_pfnVectors
                0x08000188                        . = ALIGN (0x4)

.text           0x08000190     0x52d0
                0x08000190                        . = ALIGN (0x4)
 *(.text)
 .text          0x08000190       0x88 /usr/lib/gcc/arm-none-eabi/13.2.0/thumb/v7e-m+fp/hard/crtbegin.o
 *fill*         0x08000218        0x8 
 .text          0x08000220       0xa0 /usr/lib/gcc/arm-none-eabi/13.2.0/../../../../arm-none-eabi/lib/thumb/v7e-m+fp/hard/libc_nano.a(libc_a-memchr.o)
                0x08000220                memchr
 .text          0x080002c0       0x30 /usr/lib/gcc/arm-none-eabi/13.2.0/thumb/v7e-m+fp/hard/libgcc.a(_aeabi_uldivmod.o)
                0x080002c0                __aeabi_uldivmod
 .text          0x080002f0      0x2bc /usr/lib/gcc/arm-none-eabi/13.2.0/thumb/v7e-m+fp/hard/libgcc.a(_udivmoddi4.o)
                0x080002f0                __udivmoddi4
 .text          0x080005ac        0x4 /usr/lib/gcc/arm-none-eabi/13.2.0/thumb/v7e-m+fp/hard/libgcc.a(_dvmd_tls.o)
                0x080005ac                __aeabi_ldiv0
                0x080005ac                __aeabi_idiv0
 *(.text*)
 .text.MX_GPIO_Init
                0x080005b0       0xe8 build/main.o
 .text.StartDefaultTask
                0x08000698        0xa build/main.o
                0x08000698                StartDefaultTask
 *fill*         0x080006a2        0x2 
 .text.StartLamp
                0x080006a4       0x1c build/main.o
                0x080006a4                StartLamp
 .text.DeCodePushedRow
                0x080006c0       0x24 build/main.o
                0x080006c0                DeCodePushedRow
 .text.DeCodeReleasedRow
                0x080006e4       0x54 build/main.o
                0x080006e4                DeCodeReleasedRow
 .text.ReadRows
                0x08000738       0xc0 build/main.o
                0x08000738                ReadRows
 .text.TimerCallScan
                0x080007f8       0x90 build/main.o
                0x080007f8                TimerCallScan
 .text.StartBtnScan
                0x08000888        0xe build/main.o
                0x08000888                StartBtnScan
 *fill*         0x08000896        0x2 
 .text.KeyPad_Init
                0x08000898       0x28 build/main.o
                0x08000898                KeyPad_Init
 .text._write   0x080008c0       0x38 build/main.o
                0x080008c0                _write
 .text.HAL_TIM_PeriodElapsedCallback
                0x080008f8       0x30 build/main.o
                0x080008f8                HAL_TIM_PeriodElapsedCallback
 .text.Error_Handler
                0x08000928        0x4 build/main.o
                0x08000928                Error_Handler
 .text.MX_USART3_UART_Init
                0x0800092c       0x34 build/main.o
 .text.MX_UART5_Init
                0x08000960       0x34 build/main.o
 .text.MX_TIM3_Init
                0x08000994       0x6c build/main.o
 .text.MX_TIM5_Init
                0x08000a00       0x6c build/main.o
 .text.SystemClock_Config
                0x08000a6c       0xb4 build/main.o
                0x08000a6c                SystemClock_Config
 .text.main     0x08000b20      0x224 build/main.o
                0x08000b20                main
 .text.NMI_Handler
                0x08000d44        0x2 build/stm32f4xx_it.o
                0x08000d44                NMI_Handler
 .text.HardFault_Handler
                0x08000d46        0x2 build/stm32f4xx_it.o
                0x08000d46                HardFault_Handler
 .text.MemManage_Handler
                0x08000d48        0x2 build/stm32f4xx_it.o
                0x08000d48                MemManage_Handler
 .text.BusFault_Handler
                0x08000d4a        0x2 build/stm32f4xx_it.o
                0x08000d4a                BusFault_Handler
 .text.UsageFault_Handler
                0x08000d4c        0x2 build/stm32f4xx_it.o
                0x08000d4c                UsageFault_Handler
 .text.DebugMon_Handler
                0x08000d4e        0x2 build/stm32f4xx_it.o
                0x08000d4e                DebugMon_Handler
 .text.TIM2_IRQHandler
                0x08000d50       0x10 build/stm32f4xx_it.o
                0x08000d50                TIM2_IRQHandler
 .text.TIM3_IRQHandler
                0x08000d60       0x10 build/stm32f4xx_it.o
                0x08000d60                TIM3_IRQHandler
 .text.TIM5_IRQHandler
                0x08000d70       0x10 build/stm32f4xx_it.o
                0x08000d70                TIM5_IRQHandler
 .text.UART5_IRQHandler
                0x08000d80       0x10 build/stm32f4xx_it.o
                0x08000d80                UART5_IRQHandler
 .text.HAL_MspInit
                0x08000d90       0x44 build/stm32f4xx_hal_msp.o
                0x08000d90                HAL_MspInit
 .text.HAL_TIM_Base_MspInit
                0x08000dd4       0x74 build/stm32f4xx_hal_msp.o
                0x08000dd4                HAL_TIM_Base_MspInit
 .text.HAL_UART_MspInit
                0x08000e48      0x104 build/stm32f4xx_hal_msp.o
                0x08000e48                HAL_UART_MspInit
 .text.TIM_TI1_ConfigInputStage
                0x08000f4c       0x26 build/stm32f4xx_hal_tim.o
 .text.TIM_TI2_ConfigInputStage
                0x08000f72       0x28 build/stm32f4xx_hal_tim.o
 .text.TIM_ITRx_SetConfig
                0x08000f9a       0x10 build/stm32f4xx_hal_tim.o
 *fill*         0x08000faa        0x2 
 .text.HAL_TIM_Base_Start_IT
                0x08000fac       0x88 build/stm32f4xx_hal_tim.o
                0x08000fac                HAL_TIM_Base_Start_IT
 .text.HAL_TIM_OC_DelayElapsedCallback
                0x08001034        0x2 build/stm32f4xx_hal_tim.o
                0x08001034                HAL_TIM_OC_DelayElapsedCallback
 .text.HAL_TIM_IC_CaptureCallback
                0x08001036        0x2 build/stm32f4xx_hal_tim.o
                0x08001036                HAL_TIM_IC_CaptureCallback
 .text.HAL_TIM_PWM_PulseFinishedCallback
                0x08001038        0x2 build/stm32f4xx_hal_tim.o
                0x08001038                HAL_TIM_PWM_PulseFinishedCallback
 .text.HAL_TIM_TriggerCallback
                0x0800103a        0x2 build/stm32f4xx_hal_tim.o
                0x0800103a                HAL_TIM_TriggerCallback
 .text.HAL_TIM_IRQHandler
                0x0800103c      0x17a build/stm32f4xx_hal_tim.o
                0x0800103c                HAL_TIM_IRQHandler
 *fill*         0x080011b6        0x2 
 .text.TIM_Base_SetConfig
                0x080011b8       0xc8 build/stm32f4xx_hal_tim.o
                0x080011b8                TIM_Base_SetConfig
 .text.HAL_TIM_Base_Init
                0x08001280       0x58 build/stm32f4xx_hal_tim.o
                0x08001280                HAL_TIM_Base_Init
 .text.TIM_ETR_SetConfig
                0x080012d8       0x1a build/stm32f4xx_hal_tim.o
                0x080012d8                TIM_ETR_SetConfig
 .text.HAL_TIM_ConfigClockSource
                0x080012f2       0xfe build/stm32f4xx_hal_tim.o
                0x080012f2                HAL_TIM_ConfigClockSource
 .text.HAL_TIMEx_MasterConfigSynchronization
                0x080013f0       0x8c build/stm32f4xx_hal_tim_ex.o
                0x080013f0                HAL_TIMEx_MasterConfigSynchronization
 .text.HAL_TIMEx_CommutCallback
                0x0800147c        0x2 build/stm32f4xx_hal_tim_ex.o
                0x0800147c                HAL_TIMEx_CommutCallback
 .text.HAL_TIMEx_BreakCallback
                0x0800147e        0x2 build/stm32f4xx_hal_tim_ex.o
                0x0800147e                HAL_TIMEx_BreakCallback
 .text.HAL_RCC_OscConfig
                0x08001480      0x3f8 build/stm32f4xx_hal_rcc.o
                0x08001480                HAL_RCC_OscConfig
 .text.HAL_RCC_MCOConfig
                0x08001878       0x9c build/stm32f4xx_hal_rcc.o
                0x08001878                HAL_RCC_MCOConfig
 .text.HAL_RCC_GetSysClockFreq
                0x08001914       0xdc build/stm32f4xx_hal_rcc.o
                0x08001914                HAL_RCC_GetSysClockFreq
 .text.HAL_RCC_ClockConfig
                0x080019f0      0x160 build/stm32f4xx_hal_rcc.o
                0x080019f0                HAL_RCC_ClockConfig
 .text.HAL_RCC_GetHCLKFreq
                0x08001b50        0xc build/stm32f4xx_hal_rcc.o
                0x08001b50                HAL_RCC_GetHCLKFreq
 .text.HAL_RCC_GetPCLK1Freq
                0x08001b5c       0x20 build/stm32f4xx_hal_rcc.o
                0x08001b5c                HAL_RCC_GetPCLK1Freq
 .text.HAL_RCC_GetPCLK2Freq
                0x08001b7c       0x20 build/stm32f4xx_hal_rcc.o
                0x08001b7c                HAL_RCC_GetPCLK2Freq
 .text.HAL_RCC_GetClockConfig
                0x08001b9c       0x3c build/stm32f4xx_hal_rcc.o
                0x08001b9c                HAL_RCC_GetClockConfig
 .text.HAL_GPIO_Init
                0x08001bd8      0x1ec build/stm32f4xx_hal_gpio.o
                0x08001bd8                HAL_GPIO_Init
 .text.HAL_GPIO_ReadPin
                0x08001dc4        0xe build/stm32f4xx_hal_gpio.o
                0x08001dc4                HAL_GPIO_ReadPin
 .text.HAL_GPIO_WritePin
                0x08001dd2        0xc build/stm32f4xx_hal_gpio.o
                0x08001dd2                HAL_GPIO_WritePin
 .text.HAL_GPIO_TogglePin
                0x08001dde       0x12 build/stm32f4xx_hal_gpio.o
                0x08001dde                HAL_GPIO_TogglePin
 .text.HAL_DMA_Abort
                0x08001df0       0x94 build/stm32f4xx_hal_dma.o
                0x08001df0                HAL_DMA_Abort
 .text.HAL_DMA_Abort_IT
                0x08001e84       0x26 build/stm32f4xx_hal_dma.o
                0x08001e84                HAL_DMA_Abort_IT
 *fill*         0x08001eaa        0x2 
 .text.__NVIC_SetPriority
                0x08001eac       0x28 build/stm32f4xx_hal_cortex.o
 .text.NVIC_EncodePriority
                0x08001ed4       0x3e build/stm32f4xx_hal_cortex.o
 *fill*         0x08001f12        0x2 
 .text.HAL_NVIC_SetPriorityGrouping
                0x08001f14       0x24 build/stm32f4xx_hal_cortex.o
                0x08001f14                HAL_NVIC_SetPriorityGrouping
 .text.HAL_NVIC_SetPriority
                0x08001f38       0x20 build/stm32f4xx_hal_cortex.o
                0x08001f38                HAL_NVIC_SetPriority
 .text.HAL_NVIC_EnableIRQ
                0x08001f58       0x1c build/stm32f4xx_hal_cortex.o
                0x08001f58                HAL_NVIC_EnableIRQ
 .text.HAL_Init
                0x08001f74       0x34 build/stm32f4xx_hal.o
                0x08001f74                HAL_Init
 .text.HAL_IncTick
                0x08001fa8       0x18 build/stm32f4xx_hal.o
                0x08001fa8                HAL_IncTick
 .text.HAL_GetTick
                0x08001fc0        0xc build/stm32f4xx_hal.o
                0x08001fc0                HAL_GetTick
 .text.HAL_Delay
                0x08001fcc       0x28 build/stm32f4xx_hal.o
                0x08001fcc                HAL_Delay
 .text.SystemInit
                0x08001ff4       0x14 build/system_stm32f4xx.o
                0x08001ff4                SystemInit
 .text.UART_EndRxTransfer
                0x08002008       0x5c build/stm32f4xx_hal_uart.o
 .text.UART_Transmit_IT
                0x08002064       0x60 build/stm32f4xx_hal_uart.o
 .text.UART_SetConfig
                0x080020c4      0x110 build/stm32f4xx_hal_uart.o
 .text.UART_WaitOnFlagUntilTimeout
                0x080021d4       0x84 build/stm32f4xx_hal_uart.o
 .text.HAL_UART_Init
                0x08002258       0x5e build/stm32f4xx_hal_uart.o
                0x08002258                HAL_UART_Init
 .text.HAL_UART_Transmit
                0x080022b6       0xd8 build/stm32f4xx_hal_uart.o
                0x080022b6                HAL_UART_Transmit
 .text.HAL_UART_TxCpltCallback
                0x0800238e        0x2 build/stm32f4xx_hal_uart.o
                0x0800238e                HAL_UART_TxCpltCallback
 .text.UART_EndTransmit_IT
                0x08002390       0x1a build/stm32f4xx_hal_uart.o
 .text.HAL_UART_RxCpltCallback
                0x080023aa        0x2 build/stm32f4xx_hal_uart.o
                0x080023aa                HAL_UART_RxCpltCallback
 .text.HAL_UART_ErrorCallback
                0x080023ac        0x2 build/stm32f4xx_hal_uart.o
                0x080023ac                HAL_UART_ErrorCallback
 .text.UART_DMAAbortOnError
                0x080023ae       0x10 build/stm32f4xx_hal_uart.o
 .text.HAL_UARTEx_RxEventCallback
                0x080023be        0x2 build/stm32f4xx_hal_uart.o
                0x080023be                HAL_UARTEx_RxEventCallback
 .text.UART_Receive_IT
                0x080023c0       0xe2 build/stm32f4xx_hal_uart.o
 *fill*         0x080024a2        0x2 
 .text.HAL_UART_IRQHandler
                0x080024a4      0x27c build/stm32f4xx_hal_uart.o
                0x080024a4                HAL_UART_IRQHandler
 .text.vListInitialise
                0x08002720       0x16 build/list.o
                0x08002720                vListInitialise
 .text.vListInitialiseItem
                0x08002736        0x6 build/list.o
                0x08002736                vListInitialiseItem
 .text.vListInsertEnd
                0x0800273c       0x16 build/list.o
                0x0800273c                vListInsertEnd
 .text.vListInsert
                0x08002752       0x32 build/list.o
                0x08002752                vListInsert
 .text.uxListRemove
                0x08002784       0x26 build/list.o
                0x08002784                uxListRemove
 .text.prvIsQueueFull
                0x080027aa       0x1e build/queue.o
 .text.prvIsQueueEmpty
                0x080027c8       0x1a build/queue.o
 .text.prvCopyDataToQueue
                0x080027e2       0x76 build/queue.o
 .text.prvCopyDataFromQueue
                0x08002858       0x24 build/queue.o
 .text.prvUnlockQueue
                0x0800287c       0x6e build/queue.o
 .text.xQueueGenericReset
                0x080028ea       0x84 build/queue.o
                0x080028ea                xQueueGenericReset
 .text.prvInitialiseNewQueue
                0x0800296e       0x22 build/queue.o
 .text.xQueueGenericCreateStatic
                0x08002990       0x94 build/queue.o
                0x08002990                xQueueGenericCreateStatic
 .text.xQueueGenericSend
                0x08002a24      0x188 build/queue.o
                0x08002a24                xQueueGenericSend
 .text.xQueueGenericSendFromISR
                0x08002bac       0xce build/queue.o
                0x08002bac                xQueueGenericSendFromISR
 .text.xQueueReceive
                0x08002c7a      0x15e build/queue.o
                0x08002c7a                xQueueReceive
 .text.vQueueAddToRegistry
                0x08002dd8       0x28 build/queue.o
                0x08002dd8                vQueueAddToRegistry
 .text.vQueueWaitForMessageRestricted
                0x08002e00       0x52 build/queue.o
                0x08002e00                vQueueWaitForMessageRestricted
 *fill*         0x08002e52        0x2 
 .text.prvResetNextTaskUnblockTime
                0x08002e54       0x2c build/tasks.o
 .text.prvInitialiseNewTask
                0x08002e80       0xa2 build/tasks.o
 *fill*         0x08002f22        0x2 
 .text.prvInitialiseTaskLists
                0x08002f24       0x68 build/tasks.o
 .text.prvAddNewTaskToReadyList
                0x08002f8c       0xac build/tasks.o
 .text.prvDeleteTCB
                0x08003038       0x38 build/tasks.o
 .text.prvCheckTasksWaitingTermination
                0x08003070       0x4c build/tasks.o
 .text.prvIdleTask
                0x080030bc       0x28 build/tasks.o
 .text.prvAddCurrentTaskToDelayedList
                0x080030e4       0x7c build/tasks.o
 .text.xTaskCreateStatic
                0x08003160       0x76 build/tasks.o
                0x08003160                xTaskCreateStatic
 .text.xTaskCreate
                0x080031d6       0x64 build/tasks.o
                0x080031d6                xTaskCreate
 *fill*         0x0800323a        0x2 
 .text.vTaskStartScheduler
                0x0800323c       0x98 build/tasks.o
                0x0800323c                vTaskStartScheduler
 .text.vTaskSuspendAll
                0x080032d4       0x10 build/tasks.o
                0x080032d4                vTaskSuspendAll
 .text.xTaskGetTickCount
                0x080032e4        0xc build/tasks.o
                0x080032e4                xTaskGetTickCount
 .text.xTaskIncrementTick
                0x080032f0      0x118 build/tasks.o
                0x080032f0                xTaskIncrementTick
 .text.xTaskResumeAll
                0x08003408       0xf8 build/tasks.o
                0x08003408                xTaskResumeAll
 .text.vTaskDelay
                0x08003500       0x4c build/tasks.o
                0x08003500                vTaskDelay
 .text.vTaskSwitchContext
                0x0800354c       0x98 build/tasks.o
                0x0800354c                vTaskSwitchContext
 .text.vTaskPlaceOnEventList
                0x080035e4       0x30 build/tasks.o
                0x080035e4                vTaskPlaceOnEventList
 .text.vTaskPlaceOnEventListRestricted
                0x08003614       0x38 build/tasks.o
                0x08003614                vTaskPlaceOnEventListRestricted
 .text.xTaskRemoveFromEventList
                0x0800364c       0x8c build/tasks.o
                0x0800364c                xTaskRemoveFromEventList
 .text.vTaskInternalSetTimeOutState
                0x080036d8       0x18 build/tasks.o
                0x080036d8                vTaskInternalSetTimeOutState
 .text.xTaskCheckForTimeOut
                0x080036f0       0x84 build/tasks.o
                0x080036f0                xTaskCheckForTimeOut
 .text.vTaskMissedYield
                0x08003774        0xc build/tasks.o
                0x08003774                vTaskMissedYield
 .text.xTaskGetSchedulerState
                0x08003780       0x20 build/tasks.o
                0x08003780                xTaskGetSchedulerState
 .text.xTaskPriorityDisinherit
                0x080037a0       0x90 build/tasks.o
                0x080037a0                xTaskPriorityDisinherit
 .text.prvGetNextExpireTime
                0x08003830       0x20 build/timers.o
 .text.prvInsertTimerInActiveList
                0x08003850       0x48 build/timers.o
 .text.prvCheckForValidListAndQueue
                0x08003898       0x70 build/timers.o
 .text.xTimerCreateTimerTask
                0x08003908       0x64 build/timers.o
                0x08003908                xTimerCreateTimerTask
 .text.xTimerGenericCommand
                0x0800396c       0x6c build/timers.o
                0x0800396c                xTimerGenericCommand
 .text.prvSwitchTimerLists
                0x080039d8       0x7c build/timers.o
 .text.prvSampleTimeNow
                0x08003a54       0x2c build/timers.o
 .text.prvProcessExpiredTimer
                0x08003a80       0x6c build/timers.o
 .text.prvProcessTimerOrBlockTask
                0x08003aec       0x74 build/timers.o
 .text.prvProcessReceivedCommands
                0x08003b60      0x10c build/timers.o
 .text.prvTimerTask
                0x08003c6c       0x16 build/timers.o
 .text.SysTick_Handler
                0x08003c82       0x18 build/cmsis_os2.o
                0x08003c82                SysTick_Handler
 *fill*         0x08003c9a        0x2 
 .text.osKernelInitialize
                0x08003c9c       0x24 build/cmsis_os2.o
                0x08003c9c                osKernelInitialize
 .text.osKernelStart
                0x08003cc0       0x38 build/cmsis_os2.o
                0x08003cc0                osKernelStart
 .text.osThreadNew
                0x08003cf8       0xbc build/cmsis_os2.o
                0x08003cf8                osThreadNew
 .text.osDelay  0x08003db4       0x1c build/cmsis_os2.o
                0x08003db4                osDelay
 .text.vApplicationGetIdleTaskMemory
                0x08003dd0       0x18 build/cmsis_os2.o
                0x08003dd0                vApplicationGetIdleTaskMemory
 .text.vApplicationGetTimerTaskMemory
                0x08003de8       0x18 build/cmsis_os2.o
                0x08003de8                vApplicationGetTimerTaskMemory
 .text.prvHeapInit
                0x08003e00       0x64 build/heap_4.o
 .text.prvInsertBlockIntoFreeList
                0x08003e64       0x64 build/heap_4.o
 .text.pvPortMalloc
                0x08003ec8      0x104 build/heap_4.o
                0x08003ec8                pvPortMalloc
 .text.vPortFree
                0x08003fcc       0x7c build/heap_4.o
                0x08003fcc                vPortFree
 .text.prvTaskExitError
                0x08004048       0x40 build/port.o
 .text.prvPortStartFirstTask
                0x08004088       0x28 build/port.o
 .text.vPortEnableVFP
                0x080040b0       0x14 build/port.o
 .text.pxPortInitialiseStack
                0x080040c4       0x2c build/port.o
                0x080040c4                pxPortInitialiseStack
 .text.SVC_Handler
                0x080040f0       0x24 build/port.o
                0x080040f0                SVC_Handler
 .text.vPortEnterCritical
                0x08004114       0x44 build/port.o
                0x08004114                vPortEnterCritical
 .text.vPortExitCritical
                0x08004158       0x2c build/port.o
                0x08004158                vPortExitCritical
 *fill*         0x08004184        0xc 
 .text.PendSV_Handler
                0x08004190       0x64 build/port.o
                0x08004190                PendSV_Handler
 .text.xPortSysTickHandler
                0x080041f4       0x2c build/port.o
                0x080041f4                xPortSysTickHandler
 .text.vPortSetupTimerInterrupt
                0x08004220       0x28 build/port.o
                0x08004220                vPortSetupTimerInterrupt
 .text.xPortStartScheduler
                0x08004248      0x118 build/port.o
                0x08004248                xPortStartScheduler
 .text.vPortValidateInterruptPriority
                0x08004360       0x5c build/port.o
                0x08004360                vPortValidateInterruptPriority
 .text.HAL_InitTick
                0x080043bc       0xa4 build/stm32f4xx_hal_timebase_tim.o
                0x080043bc                HAL_InitTick
 .text.Reset_Handler
                0x08004460       0x50 build/startup_stm32f405xx.o
                0x08004460                Reset_Handler
 .text.Default_Handler
                0x080044b0        0x2 build/startup_stm32f405xx.o
                0x080044b0                RTC_Alarm_IRQHandler
                0x080044b0                HASH_RNG_IRQHandler
                0x080044b0                EXTI2_IRQHandler
                0x080044b0                TIM8_CC_IRQHandler
                0x080044b0                TIM1_CC_IRQHandler
                0x080044b0                DMA2_Stream5_IRQHandler
                0x080044b0                DMA1_Stream5_IRQHandler
                0x080044b0                PVD_IRQHandler
                0x080044b0                SDIO_IRQHandler
                0x080044b0                TAMP_STAMP_IRQHandler
                0x080044b0                CAN2_RX1_IRQHandler
                0x080044b0                EXTI3_IRQHandler
                0x080044b0                TIM8_TRG_COM_TIM14_IRQHandler
                0x080044b0                TIM1_UP_TIM10_IRQHandler
                0x080044b0                TIM8_UP_TIM13_IRQHandler
                0x080044b0                I2C3_ER_IRQHandler
                0x080044b0                EXTI0_IRQHandler
                0x080044b0                I2C2_EV_IRQHandler
                0x080044b0                DMA1_Stream2_IRQHandler
                0x080044b0                CAN1_RX0_IRQHandler
                0x080044b0                FPU_IRQHandler
                0x080044b0                OTG_HS_WKUP_IRQHandler
                0x080044b0                CAN2_SCE_IRQHandler
                0x080044b0                DMA2_Stream2_IRQHandler
                0x080044b0                SPI1_IRQHandler
                0x080044b0                TIM6_DAC_IRQHandler
                0x080044b0                TIM1_BRK_TIM9_IRQHandler
                0x080044b0                CAN2_RX0_IRQHandler
                0x080044b0                DMA2_Stream3_IRQHandler
                0x080044b0                USART6_IRQHandler
                0x080044b0                USART3_IRQHandler
                0x080044b0                CAN1_RX1_IRQHandler
                0x080044b0                DMA2_Stream0_IRQHandler
                0x080044b0                TIM4_IRQHandler
                0x080044b0                I2C1_EV_IRQHandler
                0x080044b0                DMA1_Stream6_IRQHandler
                0x080044b0                DMA1_Stream1_IRQHandler
                0x080044b0                UART4_IRQHandler
                0x080044b0                RCC_IRQHandler
                0x080044b0                TIM8_BRK_TIM12_IRQHandler
                0x080044b0                Default_Handler
                0x080044b0                EXTI15_10_IRQHandler
                0x080044b0                ADC_IRQHandler
                0x080044b0                DMA1_Stream7_IRQHandler
                0x080044b0                TIM7_IRQHandler
                0x080044b0                CAN2_TX_IRQHandler
                0x080044b0                DMA2_Stream7_IRQHandler
                0x080044b0                I2C3_EV_IRQHandler
                0x080044b0                EXTI9_5_IRQHandler
                0x080044b0                RTC_WKUP_IRQHandler
                0x080044b0                SPI2_IRQHandler
                0x080044b0                OTG_HS_EP1_IN_IRQHandler
                0x080044b0                DMA1_Stream0_IRQHandler
                0x080044b0                CAN1_TX_IRQHandler
                0x080044b0                EXTI4_IRQHandler
                0x080044b0                FSMC_IRQHandler
                0x080044b0                OTG_HS_EP1_OUT_IRQHandler
                0x080044b0                WWDG_IRQHandler
                0x080044b0                OTG_FS_WKUP_IRQHandler
                0x080044b0                TIM1_TRG_COM_TIM11_IRQHandler
                0x080044b0                OTG_HS_IRQHandler
                0x080044b0                EXTI1_IRQHandler
                0x080044b0                USART2_IRQHandler
                0x080044b0                I2C2_ER_IRQHandler
                0x080044b0                DMA2_Stream1_IRQHandler
                0x080044b0                CAN1_SCE_IRQHandler
                0x080044b0                FLASH_IRQHandler
                0x080044b0                DMA2_Stream4_IRQHandler
                0x080044b0                USART1_IRQHandler
                0x080044b0                OTG_FS_IRQHandler
                0x080044b0                SPI3_IRQHandler
                0x080044b0                DMA1_Stream4_IRQHandler
                0x080044b0                I2C1_ER_IRQHandler
                0x080044b0                DMA2_Stream6_IRQHandler
                0x080044b0                DMA1_Stream3_IRQHandler
 *fill*         0x080044b2        0x2 
 .text.std      0x080044b4       0x6c /usr/lib/gcc/arm-none-eabi/13.2.0/../../../../arm-none-eabi/lib/thumb/v7e-m+fp/hard/libc_nano.a(libc_a-findfp.o)
 .text.stdio_exit_handler
                0x08004520       0x18 /usr/lib/gcc/arm-none-eabi/13.2.0/../../../../arm-none-eabi/lib/thumb/v7e-m+fp/hard/libc_nano.a(libc_a-findfp.o)
 .text.cleanup_stdio
                0x08004538       0x40 /usr/lib/gcc/arm-none-eabi/13.2.0/../../../../arm-none-eabi/lib/thumb/v7e-m+fp/hard/libc_nano.a(libc_a-findfp.o)
 .text.global_stdio_init.part.0
                0x08004578       0x3c /usr/lib/gcc/arm-none-eabi/13.2.0/../../../../arm-none-eabi/lib/thumb/v7e-m+fp/hard/libc_nano.a(libc_a-findfp.o)
 .text.__sfp_lock_acquire
                0x080045b4        0xc /usr/lib/gcc/arm-none-eabi/13.2.0/../../../../arm-none-eabi/lib/thumb/v7e-m+fp/hard/libc_nano.a(libc_a-findfp.o)
                0x080045b4                __sfp_lock_acquire
 .text.__sfp_lock_release
                0x080045c0        0xc /usr/lib/gcc/arm-none-eabi/13.2.0/../../../../arm-none-eabi/lib/thumb/v7e-m+fp/hard/libc_nano.a(libc_a-findfp.o)
                0x080045c0                __sfp_lock_release
 .text.__sinit  0x080045cc       0x30 /usr/lib/gcc/arm-none-eabi/13.2.0/../../../../arm-none-eabi/lib/thumb/v7e-m+fp/hard/libc_nano.a(libc_a-findfp.o)
                0x080045cc                __sinit
 .text._fwalk_sglue
                0x080045fc       0x3c /usr/lib/gcc/arm-none-eabi/13.2.0/../../../../arm-none-eabi/lib/thumb/v7e-m+fp/hard/libc_nano.a(libc_a-fwalk.o)
                0x080045fc                _fwalk_sglue
 .text.printf   0x08004638       0x24 /usr/lib/gcc/arm-none-eabi/13.2.0/../../../../arm-none-eabi/lib/thumb/v7e-m+fp/hard/libc_nano.a(libc_a-printf.o)
                0x08004638                printf
                0x08004638                iprintf
 .text._puts_r  0x0800465c       0xaa /usr/lib/gcc/arm-none-eabi/13.2.0/../../../../arm-none-eabi/lib/thumb/v7e-m+fp/hard/libc_nano.a(libc_a-puts.o)
                0x0800465c                _puts_r
 *fill*         0x08004706        0x2 
 .text.puts     0x08004708       0x10 /usr/lib/gcc/arm-none-eabi/13.2.0/../../../../arm-none-eabi/lib/thumb/v7e-m+fp/hard/libc_nano.a(libc_a-puts.o)
                0x08004708                puts
 .text.__sread  0x08004718       0x22 /usr/lib/gcc/arm-none-eabi/13.2.0/../../../../arm-none-eabi/lib/thumb/v7e-m+fp/hard/libc_nano.a(libc_a-stdio.o)
                0x08004718                __sread
 .text.__swrite
                0x0800473a       0x38 /usr/lib/gcc/arm-none-eabi/13.2.0/../../../../arm-none-eabi/lib/thumb/v7e-m+fp/hard/libc_nano.a(libc_a-stdio.o)
                0x0800473a                __swrite
 .text.__sseek  0x08004772       0x24 /usr/lib/gcc/arm-none-eabi/13.2.0/../../../../arm-none-eabi/lib/thumb/v7e-m+fp/hard/libc_nano.a(libc_a-stdio.o)
                0x08004772                __sseek
 .text.__sclose
                0x08004796        0x8 /usr/lib/gcc/arm-none-eabi/13.2.0/../../../../arm-none-eabi/lib/thumb/v7e-m+fp/hard/libc_nano.a(libc_a-stdio.o)
                0x08004796                __sclose
 .text.__swbuf_r
                0x0800479e       0x7c /usr/lib/gcc/arm-none-eabi/13.2.0/../../../../arm-none-eabi/lib/thumb/v7e-m+fp/hard/libc_nano.a(libc_a-wbuf.o)
                0x0800479e                __swbuf_r
 *fill*         0x0800481a        0x2 
 .text.__swsetup_r
                0x0800481c       0xac /usr/lib/gcc/arm-none-eabi/13.2.0/../../../../arm-none-eabi/lib/thumb/v7e-m+fp/hard/libc_nano.a(libc_a-wsetup.o)
                0x0800481c                __swsetup_r
 .text.memset   0x080048c8       0x10 /usr/lib/gcc/arm-none-eabi/13.2.0/../../../../arm-none-eabi/lib/thumb/v7e-m+fp/hard/libc_nano.a(libc_a-memset.o)
                0x080048c8                memset
 .text._close_r
                0x080048d8       0x20 /usr/lib/gcc/arm-none-eabi/13.2.0/../../../../arm-none-eabi/lib/thumb/v7e-m+fp/hard/libc_nano.a(libc_a-closer.o)
                0x080048d8                _close_r
 .text._lseek_r
                0x080048f8       0x24 /usr/lib/gcc/arm-none-eabi/13.2.0/../../../../arm-none-eabi/lib/thumb/v7e-m+fp/hard/libc_nano.a(libc_a-lseekr.o)
                0x080048f8                _lseek_r
 .text._read_r  0x0800491c       0x24 /usr/lib/gcc/arm-none-eabi/13.2.0/../../../../arm-none-eabi/lib/thumb/v7e-m+fp/hard/libc_nano.a(libc_a-readr.o)
                0x0800491c                _read_r
 .text._write_r
                0x08004940       0x24 /usr/lib/gcc/arm-none-eabi/13.2.0/../../../../arm-none-eabi/lib/thumb/v7e-m+fp/hard/libc_nano.a(libc_a-writer.o)
                0x08004940                _write_r
 .text.__libc_init_array
                0x08004964       0x48 /usr/lib/gcc/arm-none-eabi/13.2.0/../../../../arm-none-eabi/lib/thumb/v7e-m+fp/hard/libc_nano.a(libc_a-init.o)
                0x08004964                __libc_init_array
 .text.__retarget_lock_init_recursive
                0x080049ac        0x2 /usr/lib/gcc/arm-none-eabi/13.2.0/../../../../arm-none-eabi/lib/thumb/v7e-m+fp/hard/libc_nano.a(libc_a-lock.o)
                0x080049ac                __retarget_lock_init_recursive
 .text.__retarget_lock_acquire_recursive
                0x080049ae        0x2 /usr/lib/gcc/arm-none-eabi/13.2.0/../../../../arm-none-eabi/lib/thumb/v7e-m+fp/hard/libc_nano.a(libc_a-lock.o)
                0x080049ae                __retarget_lock_acquire_recursive
 .text.__retarget_lock_release_recursive
                0x080049b0        0x2 /usr/lib/gcc/arm-none-eabi/13.2.0/../../../../arm-none-eabi/lib/thumb/v7e-m+fp/hard/libc_nano.a(libc_a-lock.o)
                0x080049b0                __retarget_lock_release_recursive
 .text.memcpy   0x080049b2       0x1c /usr/lib/gcc/arm-none-eabi/13.2.0/../../../../arm-none-eabi/lib/thumb/v7e-m+fp/hard/libc_nano.a(libc_a-memcpy-stub.o)
                0x080049b2                memcpy
 *fill*         0x080049ce        0x2 
 .text._free_r  0x080049d0       0x94 /usr/lib/gcc/arm-none-eabi/13.2.0/../../../../arm-none-eabi/lib/thumb/v7e-m+fp/hard/libc_nano.a(libc_a-freer.o)
                0x080049d0                _free_r
 .text.sbrk_aligned
                0x08004a64       0x44 /usr/lib/gcc/arm-none-eabi/13.2.0/../../../../arm-none-eabi/lib/thumb/v7e-m+fp/hard/libc_nano.a(libc_a-mallocr.o)
 .text._malloc_r
                0x08004aa8      0x100 /usr/lib/gcc/arm-none-eabi/13.2.0/../../../../arm-none-eabi/lib/thumb/v7e-m+fp/hard/libc_nano.a(libc_a-mallocr.o)
                0x08004aa8                _malloc_r
 .text.__malloc_lock
                0x08004ba8        0xc /usr/lib/gcc/arm-none-eabi/13.2.0/../../../../arm-none-eabi/lib/thumb/v7e-m+fp/hard/libc_nano.a(libc_a-mlock.o)
                0x08004ba8                __malloc_lock
 .text.__malloc_unlock
                0x08004bb4        0xc /usr/lib/gcc/arm-none-eabi/13.2.0/../../../../arm-none-eabi/lib/thumb/v7e-m+fp/hard/libc_nano.a(libc_a-mlock.o)
                0x08004bb4                __malloc_unlock
 .text.__sfputc_r
                0x08004bc0       0x2e /usr/lib/gcc/arm-none-eabi/13.2.0/../../../../arm-none-eabi/lib/thumb/v7e-m+fp/hard/libc_nano.a(libc_a-nano-vfprintf.o)
 .text.__sfputs_r
                0x08004bee       0x24 /usr/lib/gcc/arm-none-eabi/13.2.0/../../../../arm-none-eabi/lib/thumb/v7e-m+fp/hard/libc_nano.a(libc_a-nano-vfprintf.o)
                0x08004bee                __sfputs_r
 *fill*         0x08004c12        0x2 
 .text._vfprintf_r
                0x08004c14      0x230 /usr/lib/gcc/arm-none-eabi/13.2.0/../../../../arm-none-eabi/lib/thumb/v7e-m+fp/hard/libc_nano.a(libc_a-nano-vfprintf.o)
                0x08004c14                _vfiprintf_r
                0x08004c14                _vfprintf_r
 .text._printf_common
                0x08004e44       0xda /usr/lib/gcc/arm-none-eabi/13.2.0/../../../../arm-none-eabi/lib/thumb/v7e-m+fp/hard/libc_nano.a(libc_a-nano-vfprintf_i.o)
                0x08004e44                _printf_common
 *fill*         0x08004f1e        0x2 
 .text._printf_i
                0x08004f20      0x23c /usr/lib/gcc/arm-none-eabi/13.2.0/../../../../arm-none-eabi/lib/thumb/v7e-m+fp/hard/libc_nano.a(libc_a-nano-vfprintf_i.o)
                0x08004f20                _printf_i
 .text.__sflush_r
                0x0800515c      0x108 /usr/lib/gcc/arm-none-eabi/13.2.0/../../../../arm-none-eabi/lib/thumb/v7e-m+fp/hard/libc_nano.a(libc_a-fflush.o)
                0x0800515c                __sflush_r
 .text._fflush_r
                0x08005264       0x50 /usr/lib/gcc/arm-none-eabi/13.2.0/../../../../arm-none-eabi/lib/thumb/v7e-m+fp/hard/libc_nano.a(libc_a-fflush.o)
                0x08005264                _fflush_r
 .text.__swhatbuf_r
                0x080052b4       0x4c /usr/lib/gcc/arm-none-eabi/13.2.0/../../../../arm-none-eabi/lib/thumb/v7e-m+fp/hard/libc_nano.a(libc_a-makebuf.o)
                0x080052b4                __swhatbuf_r
 .text.__smakebuf_r
                0x08005300       0x78 /usr/lib/gcc/arm-none-eabi/13.2.0/../../../../arm-none-eabi/lib/thumb/v7e-m+fp/hard/libc_nano.a(libc_a-makebuf.o)
                0x08005300                __smakebuf_r
 .text._fstat_r
                0x08005378       0x24 /usr/lib/gcc/arm-none-eabi/13.2.0/../../../../arm-none-eabi/lib/thumb/v7e-m+fp/hard/libc_nano.a(libc_a-fstatr.o)
                0x08005378                _fstat_r
 .text._isatty_r
                0x0800539c       0x20 /usr/lib/gcc/arm-none-eabi/13.2.0/../../../../arm-none-eabi/lib/thumb/v7e-m+fp/hard/libc_nano.a(libc_a-isattyr.o)
                0x0800539c                _isatty_r
 .text._sbrk_r  0x080053bc       0x20 /usr/lib/gcc/arm-none-eabi/13.2.0/../../../../arm-none-eabi/lib/thumb/v7e-m+fp/hard/libc_nano.a(libc_a-sbrkr.o)
                0x080053bc                _sbrk_r
 .text._close   0x080053dc       0x10 /usr/lib/gcc/arm-none-eabi/13.2.0/../../../../arm-none-eabi/lib/thumb/v7e-m+fp/hard/libnosys.a(close.o)
                0x080053dc                _close
 .text._fstat   0x080053ec       0x10 /usr/lib/gcc/arm-none-eabi/13.2.0/../../../../arm-none-eabi/lib/thumb/v7e-m+fp/hard/libnosys.a(fstat.o)
                0x080053ec                _fstat
 .text._isatty  0x080053fc       0x10 /usr/lib/gcc/arm-none-eabi/13.2.0/../../../../arm-none-eabi/lib/thumb/v7e-m+fp/hard/libnosys.a(isatty.o)
                0x080053fc                _isatty
 .text._lseek   0x0800540c       0x10 /usr/lib/gcc/arm-none-eabi/13.2.0/../../../../arm-none-eabi/lib/thumb/v7e-m+fp/hard/libnosys.a(lseek.o)
                0x0800540c                _lseek
 .text._read    0x0800541c       0x10 /usr/lib/gcc/arm-none-eabi/13.2.0/../../../../arm-none-eabi/lib/thumb/v7e-m+fp/hard/libnosys.a(read.o)
                0x0800541c                _read
 .text._sbrk    0x0800542c       0x1c /usr/lib/gcc/arm-none-eabi/13.2.0/../../../../arm-none-eabi/lib/thumb/v7e-m+fp/hard/libnosys.a(sbrk.o)
                0x0800542c                _sbrk
 *(.glue_7)
 .glue_7        0x08005448        0x0 linker stubs
 *(.glue_7t)
 .glue_7t       0x08005448        0x0 linker stubs
 *(.eh_frame)
 .eh_frame      0x08005448        0x0 /usr/lib/gcc/arm-none-eabi/13.2.0/thumb/v7e-m+fp/hard/crtbegin.o
 *(.init)
 .init          0x08005448        0x4 /usr/lib/gcc/arm-none-eabi/13.2.0/thumb/v7e-m+fp/hard/crti.o
                0x08005448                _init
 .init          0x0800544c        0x8 /usr/lib/gcc/arm-none-eabi/13.2.0/thumb/v7e-m+fp/hard/crtn.o
 *(.fini)
 .fini          0x08005454        0x4 /usr/lib/gcc/arm-none-eabi/13.2.0/thumb/v7e-m+fp/hard/crti.o
                0x08005454                _fini
 .fini          0x08005458        0x8 /usr/lib/gcc/arm-none-eabi/13.2.0/thumb/v7e-m+fp/hard/crtn.o
                0x08005460                        . = ALIGN (0x4)
                0x08005460                        _etext = .

.vfp11_veneer   0x08005460        0x0
 .vfp11_veneer  0x08005460        0x0 linker stubs

.v4_bx          0x08005460        0x0
 .v4_bx         0x08005460        0x0 linker stubs

.iplt           0x08005460        0x0
 .iplt          0x08005460        0x0 /usr/lib/gcc/arm-none-eabi/13.2.0/thumb/v7e-m+fp/hard/crtbegin.o

.rodata         0x08005460      0x18c
                0x08005460                        . = ALIGN (0x4)
 *(.rodata)
 .rodata        0x08005460        0x8 build/main.o
 *(.rodata*)
 .rodata.DeCodeReleasedRow.str1.4
                0x08005468       0xb4 build/main.o
                                 0x1e (size before relaxing)
 .rodata.TimerCallScan.str1.4
                0x0800551c       0x15 build/main.o
 .rodata.main.str1.4
                0x0800551c       0x40 build/main.o
 .rodata.str1.4
                0x0800551c       0x20 build/main.o
 .rodata.myBtnScan_attributes
                0x0800551c       0x24 build/main.o
                0x0800551c                myBtnScan_attributes
 .rodata.myLamp_attributes
                0x08005540       0x24 build/main.o
                0x08005540                myLamp_attributes
 .rodata.defaultTask_attributes
                0x08005564       0x24 build/main.o
                0x08005564                defaultTask_attributes
 .rodata.ScanKeys
                0x08005588       0x18 build/main.o
                0x08005588                ScanKeys
 .rodata.APBPrescTable
                0x080055a0        0x8 build/system_stm32f4xx.o
                0x080055a0                APBPrescTable
 .rodata.AHBPrescTable
                0x080055a8       0x10 build/system_stm32f4xx.o
                0x080055a8                AHBPrescTable
 .rodata.vTaskStartScheduler.str1.4
                0x080055b8        0x5 build/tasks.o
 .rodata.prvCheckForValidListAndQueue.str1.4
                0x080055b8        0x5 build/timers.o
 .rodata.xTimerCreateTimerTask.str1.4
                0x080055b8        0x8 build/timers.o
 .rodata._vfprintf_r.str1.1
                0x080055b8       0x33 /usr/lib/gcc/arm-none-eabi/13.2.0/../../../../arm-none-eabi/lib/thumb/v7e-m+fp/hard/libc_nano.a(libc_a-nano-vfprintf.o)
                                 0x11 (size before relaxing)
 .rodata._printf_i.str1.1
                0x080055eb       0x22 /usr/lib/gcc/arm-none-eabi/13.2.0/../../../../arm-none-eabi/lib/thumb/v7e-m+fp/hard/libc_nano.a(libc_a-nano-vfprintf_i.o)
                0x08005610                        . = ALIGN (0x4)
 *fill*         0x080055eb        0x1 

.ARM.extab
 *(.ARM.extab* .gnu.linkonce.armextab.*)

.ARM            0x080055ec        0x8
                0x080055ec                        __exidx_start = .
 *(.ARM.exidx*)
 .ARM.exidx     0x080055ec        0x8 /usr/lib/gcc/arm-none-eabi/13.2.0/../../../../arm-none-eabi/lib/thumb/v7e-m+fp/hard/libc_nano.a(libc_a-memchr.o)
 .ARM.exidx     0x080055f4        0x0 /usr/lib/gcc/arm-none-eabi/13.2.0/thumb/v7e-m+fp/hard/libgcc.a(_udivmoddi4.o)
                                  0x8 (size before relaxing)
                0x080055f4                        __exidx_end = .

.rel.dyn        0x080055f4        0x0
 .rel.iplt      0x080055f4        0x0 /usr/lib/gcc/arm-none-eabi/13.2.0/thumb/v7e-m+fp/hard/crtbegin.o

.preinit_array  0x080055f4        0x0
                0x080055f4                        PROVIDE (__preinit_array_start = .)
 *(.preinit_array*)
                0x080055f4                        PROVIDE (__preinit_array_end = .)

.init_array     0x080055f4        0x4
                0x080055f4                        PROVIDE (__init_array_start = .)
 *(SORT_BY_NAME(.init_array.*))
 *(.init_array*)
 .init_array    0x080055f4        0x4 /usr/lib/gcc/arm-none-eabi/13.2.0/thumb/v7e-m+fp/hard/crtbegin.o
                0x080055f8                        PROVIDE (__init_array_end = .)

.fini_array     0x080055f8        0x4
                0x080055f8                        PROVIDE (__fini_array_start = .)
 *(SORT_BY_NAME(.fini_array.*))
 *(.fini_array*)
 .fini_array    0x080055f8        0x4 /usr/lib/gcc/arm-none-eabi/13.2.0/thumb/v7e-m+fp/hard/crtbegin.o
                0x080055fc                        PROVIDE (__fini_array_end = .)
                0x080055fc                        _sidata = LOADADDR (.data)

.data           0x20000000       0x6c load address 0x080055fc
                0x20000000                        . = ALIGN (0x4)
                0x20000000                        _sdata = .
 *(.data)
 *(.data*)
 .data.Mode_Measuring_AUTO
                0x20000000        0x1 build/main.o
                0x20000000                Mode_Measuring_AUTO
 .data.Key_Obtained
                0x20000001        0x1 build/main.o
                0x20000001                Key_Obtained
 .data.Key_Pushed
                0x20000002        0x1 build/main.o
                0x20000002                Key_Pushed
 .data.uwTickFreq
                0x20000003        0x1 build/stm32f4xx_hal.o
                0x20000003                uwTickFreq
 .data.uwTickPrio
                0x20000004        0x4 build/stm32f4xx_hal.o
                0x20000004                uwTickPrio
 .data.SystemCoreClock
                0x20000008        0x4 build/system_stm32f4xx.o
                0x20000008                SystemCoreClock
 .data.uxCriticalNesting
                0x2000000c        0x4 build/port.o
 .data.__sglue  0x20000010        0xc /usr/lib/gcc/arm-none-eabi/13.2.0/../../../../arm-none-eabi/lib/thumb/v7e-m+fp/hard/libc_nano.a(libc_a-findfp.o)
                0x20000010                __sglue
 .data._impure_ptr
                0x2000001c        0x4 /usr/lib/gcc/arm-none-eabi/13.2.0/../../../../arm-none-eabi/lib/thumb/v7e-m+fp/hard/libc_nano.a(libc_a-impure.o)
                0x2000001c                _impure_ptr
 .data._impure_data
                0x20000020       0x4c /usr/lib/gcc/arm-none-eabi/13.2.0/../../../../arm-none-eabi/lib/thumb/v7e-m+fp/hard/libc_nano.a(libc_a-impure.o)
                0x20000020                _impure_data
                0x2000006c                        . = ALIGN (0x4)
                0x2000006c                        _edata = .
                0x08005668                        _siccmram = LOADADDR (.ccmram)

.tm_clone_table
                0x2000006c        0x0 load address 0x08005668
 .tm_clone_table
                0x2000006c        0x0 /usr/lib/gcc/arm-none-eabi/13.2.0/thumb/v7e-m+fp/hard/crtbegin.o
 .tm_clone_table
                0x2000006c        0x0 /usr/lib/gcc/arm-none-eabi/13.2.0/thumb/v7e-m+fp/hard/crtend.o

.igot.plt       0x2000006c        0x0 load address 0x08005668
 .igot.plt      0x2000006c        0x0 /usr/lib/gcc/arm-none-eabi/13.2.0/thumb/v7e-m+fp/hard/crtbegin.o

.ccmram         0x10000000        0x0 load address 0x08005668
                0x10000000                        . = ALIGN (0x4)
                0x10000000                        _sccmram = .
 *(.ccmram)
 *(.ccmram*)
                0x10000000                        . = ALIGN (0x4)
                0x10000000                        _eccmram = .
                0x10000000                        . = ALIGN (0x4)

.bss            0x2000006c     0x4c48
                0x2000006c                        _sbss = .
                0x2000006c                        __bss_start__ = _sbss
 *(.bss)
 .bss           0x2000006c       0x1c /usr/lib/gcc/arm-none-eabi/13.2.0/thumb/v7e-m+fp/hard/crtbegin.o
 *(.bss*)
 .bss.myBtnScanHandle
                0x20000088        0x4 build/main.o
                0x20000088                myBtnScanHandle
 .bss.myLampHandle
                0x2000008c        0x4 build/main.o
                0x2000008c                myLampHandle
 .bss.defaultTaskHandle
                0x20000090        0x4 build/main.o
                0x20000090                defaultTaskHandle
 .bss.huart3    0x20000094       0x44 build/main.o
                0x20000094                huart3
 .bss.huart5    0x200000d8       0x44 build/main.o
                0x200000d8                huart5
 .bss.htim5     0x2000011c       0x48 build/main.o
                0x2000011c                htim5
 .bss.htim3     0x20000164       0x48 build/main.o
                0x20000164                htim3
 .bss.CountKeys
                0x200001ac       0x18 build/main.o
                0x200001ac                CountKeys
 .bss.counterCOLS
                0x200001c4        0x1 build/main.o
                0x200001c4                counterCOLS
 *fill*         0x200001c5        0x3 
 .bss.uwTick    0x200001c8        0x4 build/stm32f4xx_hal.o
                0x200001c8                uwTick
 .bss.xQueueRegistry
                0x200001cc       0x40 build/queue.o
                0x200001cc                xQueueRegistry
 .bss.uxSchedulerSuspended
                0x2000020c        0x4 build/tasks.o
 .bss.xIdleTaskHandle
                0x20000210        0x4 build/tasks.o
 .bss.xNextTaskUnblockTime
                0x20000214        0x4 build/tasks.o
 .bss.uxTaskNumber
                0x20000218        0x4 build/tasks.o
 .bss.xNumOfOverflows
                0x2000021c        0x4 build/tasks.o
 .bss.xYieldPending
                0x20000220        0x4 build/tasks.o
 .bss.xPendedTicks
                0x20000224        0x4 build/tasks.o
 .bss.xSchedulerRunning
                0x20000228        0x4 build/tasks.o
 .bss.uxTopReadyPriority
                0x2000022c        0x4 build/tasks.o
 .bss.xTickCount
                0x20000230        0x4 build/tasks.o
 .bss.uxCurrentNumberOfTasks
                0x20000234        0x4 build/tasks.o
 .bss.xSuspendedTaskList
                0x20000238       0x14 build/tasks.o
 .bss.uxDeletedTasksWaitingCleanUp
                0x2000024c        0x4 build/tasks.o
 .bss.xTasksWaitingTermination
                0x20000250       0x14 build/tasks.o
 .bss.xPendingReadyList
                0x20000264       0x14 build/tasks.o
 .bss.pxOverflowDelayedTaskList
                0x20000278        0x4 build/tasks.o
 .bss.pxDelayedTaskList
                0x2000027c        0x4 build/tasks.o
 .bss.xDelayedTaskList2
                0x20000280       0x14 build/tasks.o
 .bss.xDelayedTaskList1
                0x20000294       0x14 build/tasks.o
 .bss.pxReadyTasksLists
                0x200002a8      0x460 build/tasks.o
 .bss.pxCurrentTCB
                0x20000708        0x4 build/tasks.o
                0x20000708                pxCurrentTCB
 .bss.xStaticTimerQueue.0
                0x2000070c       0x50 build/timers.o
 .bss.ucStaticTimerQueueStorage.1
                0x2000075c       0xa0 build/timers.o
 .bss.xLastTime.2
                0x200007fc        0x4 build/timers.o
 .bss.xTimerTaskHandle
                0x20000800        0x4 build/timers.o
 .bss.xTimerQueue
                0x20000804        0x4 build/timers.o
 .bss.pxOverflowTimerList
                0x20000808        0x4 build/timers.o
 .bss.pxCurrentTimerList
                0x2000080c        0x4 build/timers.o
 .bss.xActiveTimerList2
                0x20000810       0x14 build/timers.o
 .bss.xActiveTimerList1
                0x20000824       0x14 build/timers.o
 .bss.Timer_Stack.0
                0x20000838      0x400 build/cmsis_os2.o
 .bss.Timer_TCB.1
                0x20000c38       0x5c build/cmsis_os2.o
 .bss.Idle_Stack.2
                0x20000c94      0x200 build/cmsis_os2.o
 .bss.Idle_TCB.3
                0x20000e94       0x5c build/cmsis_os2.o
 .bss.KernelState
                0x20000ef0        0x4 build/cmsis_os2.o
 .bss.xBlockAllocatedBit
                0x20000ef4        0x4 build/heap_4.o
 .bss.xNumberOfSuccessfulFrees
                0x20000ef8        0x4 build/heap_4.o
 .bss.xNumberOfSuccessfulAllocations
                0x20000efc        0x4 build/heap_4.o
 .bss.xMinimumEverFreeBytesRemaining
                0x20000f00        0x4 build/heap_4.o
 .bss.xFreeBytesRemaining
                0x20000f04        0x4 build/heap_4.o
 .bss.pxEnd     0x20000f08        0x4 build/heap_4.o
 .bss.xStart    0x20000f0c        0x8 build/heap_4.o
 .bss.ucHeap    0x20000f14     0x3c00 build/heap_4.o
 .bss.ulMaxPRIGROUPValue
                0x20004b14        0x4 build/port.o
 .bss.ucMaxSysCallPriority
                0x20004b18        0x1 build/port.o
 *fill*         0x20004b19        0x3 
 .bss.htim2     0x20004b1c       0x48 build/stm32f4xx_hal_timebase_tim.o
                0x20004b1c                htim2
 .bss.__sf      0x20004b64      0x138 /usr/lib/gcc/arm-none-eabi/13.2.0/../../../../arm-none-eabi/lib/thumb/v7e-m+fp/hard/libc_nano.a(libc_a-findfp.o)
                0x20004b64                __sf
 .bss.__stdio_exit_handler
                0x20004c9c        0x4 /usr/lib/gcc/arm-none-eabi/13.2.0/../../../../arm-none-eabi/lib/thumb/v7e-m+fp/hard/libc_nano.a(libc_a-findfp.o)
                0x20004c9c                __stdio_exit_handler
 .bss.errno     0x20004ca0        0x4 /usr/lib/gcc/arm-none-eabi/13.2.0/../../../../arm-none-eabi/lib/thumb/v7e-m+fp/hard/libc_nano.a(libc_a-reent.o)
                0x20004ca0                errno
 .bss.__lock___malloc_recursive_mutex
                0x20004ca4        0x1 /usr/lib/gcc/arm-none-eabi/13.2.0/../../../../arm-none-eabi/lib/thumb/v7e-m+fp/hard/libc_nano.a(libc_a-lock.o)
                0x20004ca4                __lock___malloc_recursive_mutex
 .bss.__lock___sfp_recursive_mutex
                0x20004ca5        0x1 /usr/lib/gcc/arm-none-eabi/13.2.0/../../../../arm-none-eabi/lib/thumb/v7e-m+fp/hard/libc_nano.a(libc_a-lock.o)
                0x20004ca5                __lock___sfp_recursive_mutex
 *fill*         0x20004ca6        0x2 
 .bss.__malloc_sbrk_start
                0x20004ca8        0x4 /usr/lib/gcc/arm-none-eabi/13.2.0/../../../../arm-none-eabi/lib/thumb/v7e-m+fp/hard/libc_nano.a(libc_a-mallocr.o)
                0x20004ca8                __malloc_sbrk_start
 .bss.__malloc_free_list
                0x20004cac        0x4 /usr/lib/gcc/arm-none-eabi/13.2.0/../../../../arm-none-eabi/lib/thumb/v7e-m+fp/hard/libc_nano.a(libc_a-mallocr.o)
                0x20004cac                __malloc_free_list
 .bss.heap_end.0
                0x20004cb0        0x4 /usr/lib/gcc/arm-none-eabi/13.2.0/../../../../arm-none-eabi/lib/thumb/v7e-m+fp/hard/libnosys.a(sbrk.o)
 *(COMMON)
                0x20004cb4                        . = ALIGN (0x4)
                0x20004cb4                        _ebss = .
                0x20004cb4                        __bss_end__ = _ebss

._user_heap_stack
                0x20004cb4      0x604
                0x20004cb8                        . = ALIGN (0x8)
 *fill*         0x20004cb4        0x4 
                0x20004cb8                        PROVIDE (end = .)
                [!provide]                        PROVIDE (_end = .)
                0x20004eb8                        . = (. + _Min_Heap_Size)
 *fill*         0x20004cb8      0x200 
                0x200052b8                        . = (. + _Min_Stack_Size)
 *fill*         0x20004eb8      0x400 
                0x200052b8                        . = ALIGN (0x8)

/DISCARD/
 libc.a(*)
 libm.a(*)
 libgcc.a(*)

.ARM.attributes
                0x00000000       0x30
 *(.ARM.attributes)
 .ARM.attributes
                0x00000000       0x22 /usr/lib/gcc/arm-none-eabi/13.2.0/thumb/v7e-m+fp/hard/crti.o
 .ARM.attributes
                0x00000022       0x34 /usr/lib/gcc/arm-none-eabi/13.2.0/thumb/v7e-m+fp/hard/crtbegin.o
 .ARM.attributes
                0x00000056       0x34 build/main.o
 .ARM.attributes
                0x0000008a       0x34 build/stm32f4xx_it.o
 .ARM.attributes
                0x000000be       0x34 build/stm32f4xx_hal_msp.o
 .ARM.attributes
                0x000000f2       0x34 build/stm32f4xx_hal_tim.o
 .ARM.attributes
                0x00000126       0x34 build/stm32f4xx_hal_tim_ex.o
 .ARM.attributes
                0x0000015a       0x34 build/stm32f4xx_hal_rcc.o
 .ARM.attributes
                0x0000018e       0x34 build/stm32f4xx_hal_gpio.o
 .ARM.attributes
                0x000001c2       0x34 build/stm32f4xx_hal_dma.o
 .ARM.attributes
                0x000001f6       0x34 build/stm32f4xx_hal_cortex.o
 .ARM.attributes
                0x0000022a       0x34 build/stm32f4xx_hal.o
 .ARM.attributes
                0x0000025e       0x34 build/system_stm32f4xx.o
 .ARM.attributes
                0x00000292       0x34 build/stm32f4xx_hal_uart.o
 .ARM.attributes
                0x000002c6       0x34 build/list.o
 .ARM.attributes
                0x000002fa       0x34 build/queue.o
 .ARM.attributes
                0x0000032e       0x34 build/tasks.o
 .ARM.attributes
                0x00000362       0x34 build/timers.o
 .ARM.attributes
                0x00000396       0x34 build/cmsis_os2.o
 .ARM.attributes
                0x000003ca       0x34 build/heap_4.o
 .ARM.attributes
                0x000003fe       0x34 build/port.o
 .ARM.attributes
                0x00000432       0x34 build/stm32f4xx_hal_timebase_tim.o
 .ARM.attributes
                0x00000466       0x21 build/startup_stm32f405xx.o
 .ARM.attributes
                0x00000487       0x34 /usr/lib/gcc/arm-none-eabi/13.2.0/../../../../arm-none-eabi/lib/thumb/v7e-m+fp/hard/libc_nano.a(libc_a-findfp.o)
 .ARM.attributes
                0x000004bb       0x34 /usr/lib/gcc/arm-none-eabi/13.2.0/../../../../arm-none-eabi/lib/thumb/v7e-m+fp/hard/libc_nano.a(libc_a-fwalk.o)
 .ARM.attributes
                0x000004ef       0x34 /usr/lib/gcc/arm-none-eabi/13.2.0/../../../../arm-none-eabi/lib/thumb/v7e-m+fp/hard/libc_nano.a(libc_a-printf.o)
 .ARM.attributes
                0x00000523       0x34 /usr/lib/gcc/arm-none-eabi/13.2.0/../../../../arm-none-eabi/lib/thumb/v7e-m+fp/hard/libc_nano.a(libc_a-puts.o)
 .ARM.attributes
                0x00000557       0x34 /usr/lib/gcc/arm-none-eabi/13.2.0/../../../../arm-none-eabi/lib/thumb/v7e-m+fp/hard/libc_nano.a(libc_a-stdio.o)
 .ARM.attributes
                0x0000058b       0x34 /usr/lib/gcc/arm-none-eabi/13.2.0/../../../../arm-none-eabi/lib/thumb/v7e-m+fp/hard/libc_nano.a(libc_a-wbuf.o)
 .ARM.attributes
                0x000005bf       0x34 /usr/lib/gcc/arm-none-eabi/13.2.0/../../../../arm-none-eabi/lib/thumb/v7e-m+fp/hard/libc_nano.a(libc_a-wsetup.o)
 .ARM.attributes
                0x000005f3       0x34 /usr/lib/gcc/arm-none-eabi/13.2.0/../../../../arm-none-eabi/lib/thumb/v7e-m+fp/hard/libc_nano.a(libc_a-memset.o)
 .ARM.attributes
                0x00000627       0x34 /usr/lib/gcc/arm-none-eabi/13.2.0/../../../../arm-none-eabi/lib/thumb/v7e-m+fp/hard/libc_nano.a(libc_a-closer.o)
 .ARM.attributes
                0x0000065b       0x34 /usr/lib/gcc/arm-none-eabi/13.2.0/../../../../arm-none-eabi/lib/thumb/v7e-m+fp/hard/libc_nano.a(libc_a-reent.o)
 .ARM.attributes
                0x0000068f       0x34 /usr/lib/gcc/arm-none-eabi/13.2.0/../../../../arm-none-eabi/lib/thumb/v7e-m+fp/hard/libc_nano.a(libc_a-impure.o)
 .ARM.attributes
                0x000006c3       0x34 /usr/lib/gcc/arm-none-eabi/13.2.0/../../../../arm-none-eabi/lib/thumb/v7e-m+fp/hard/libc_nano.a(libc_a-lseekr.o)
 .ARM.attributes
                0x000006f7       0x34 /usr/lib/gcc/arm-none-eabi/13.2.0/../../../../arm-none-eabi/lib/thumb/v7e-m+fp/hard/libc_nano.a(libc_a-readr.o)
 .ARM.attributes
                0x0000072b       0x34 /usr/lib/gcc/arm-none-eabi/13.2.0/../../../../arm-none-eabi/lib/thumb/v7e-m+fp/hard/libc_nano.a(libc_a-writer.o)
 .ARM.attributes
                0x0000075f       0x34 /usr/lib/gcc/arm-none-eabi/13.2.0/../../../../arm-none-eabi/lib/thumb/v7e-m+fp/hard/libc_nano.a(libc_a-init.o)
 .ARM.attributes
                0x00000793       0x34 /usr/lib/gcc/arm-none-eabi/13.2.0/../../../../arm-none-eabi/lib/thumb/v7e-m+fp/hard/libc_nano.a(libc_a-lock.o)
 .ARM.attributes
                0x000007c7       0x34 /usr/lib/gcc/arm-none-eabi/13.2.0/../../../../arm-none-eabi/lib/thumb/v7e-m+fp/hard/libc_nano.a(libc_a-memcpy-stub.o)
 .ARM.attributes
                0x000007fb       0x34 /usr/lib/gcc/arm-none-eabi/13.2.0/../../../../arm-none-eabi/lib/thumb/v7e-m+fp/hard/libc_nano.a(libc_a-freer.o)
 .ARM.attributes
                0x0000082f       0x34 /usr/lib/gcc/arm-none-eabi/13.2.0/../../../../arm-none-eabi/lib/thumb/v7e-m+fp/hard/libc_nano.a(libc_a-mallocr.o)
 .ARM.attributes
                0x00000863       0x34 /usr/lib/gcc/arm-none-eabi/13.2.0/../../../../arm-none-eabi/lib/thumb/v7e-m+fp/hard/libc_nano.a(libc_a-mlock.o)
 .ARM.attributes
                0x00000897       0x34 /usr/lib/gcc/arm-none-eabi/13.2.0/../../../../arm-none-eabi/lib/thumb/v7e-m+fp/hard/libc_nano.a(libc_a-nano-vfprintf.o)
 .ARM.attributes
                0x000008cb       0x34 /usr/lib/gcc/arm-none-eabi/13.2.0/../../../../arm-none-eabi/lib/thumb/v7e-m+fp/hard/libc_nano.a(libc_a-nano-vfprintf_i.o)
 .ARM.attributes
                0x000008ff       0x34 /usr/lib/gcc/arm-none-eabi/13.2.0/../../../../arm-none-eabi/lib/thumb/v7e-m+fp/hard/libc_nano.a(libc_a-fflush.o)
 .ARM.attributes
                0x00000933       0x34 /usr/lib/gcc/arm-none-eabi/13.2.0/../../../../arm-none-eabi/lib/thumb/v7e-m+fp/hard/libc_nano.a(libc_a-makebuf.o)
 .ARM.attributes
                0x00000967       0x34 /usr/lib/gcc/arm-none-eabi/13.2.0/../../../../arm-none-eabi/lib/thumb/v7e-m+fp/hard/libc_nano.a(libc_a-fstatr.o)
 .ARM.attributes
                0x0000099b       0x34 /usr/lib/gcc/arm-none-eabi/13.2.0/../../../../arm-none-eabi/lib/thumb/v7e-m+fp/hard/libc_nano.a(libc_a-isattyr.o)
 .ARM.attributes
                0x000009cf       0x34 /usr/lib/gcc/arm-none-eabi/13.2.0/../../../../arm-none-eabi/lib/thumb/v7e-m+fp/hard/libc_nano.a(libc_a-sbrkr.o)
 .ARM.attributes
                0x00000a03       0x1c /usr/lib/gcc/arm-none-eabi/13.2.0/../../../../arm-none-eabi/lib/thumb/v7e-m+fp/hard/libc_nano.a(libc_a-memchr.o)
 .ARM.attributes
                0x00000a1f       0x34 /usr/lib/gcc/arm-none-eabi/13.2.0/../../../../arm-none-eabi/lib/thumb/v7e-m+fp/hard/libnosys.a(close.o)
 .ARM.attributes
                0x00000a53       0x34 /usr/lib/gcc/arm-none-eabi/13.2.0/../../../../arm-none-eabi/lib/thumb/v7e-m+fp/hard/libnosys.a(fstat.o)
 .ARM.attributes
                0x00000a87       0x34 /usr/lib/gcc/arm-none-eabi/13.2.0/../../../../arm-none-eabi/lib/thumb/v7e-m+fp/hard/libnosys.a(isatty.o)
 .ARM.attributes
                0x00000abb       0x34 /usr/lib/gcc/arm-none-eabi/13.2.0/../../../../arm-none-eabi/lib/thumb/v7e-m+fp/hard/libnosys.a(lseek.o)
 .ARM.attributes
                0x00000aef       0x34 /usr/lib/gcc/arm-none-eabi/13.2.0/../../../../arm-none-eabi/lib/thumb/v7e-m+fp/hard/libnosys.a(read.o)
 .ARM.attributes
                0x00000b23       0x34 /usr/lib/gcc/arm-none-eabi/13.2.0/../../../../arm-none-eabi/lib/thumb/v7e-m+fp/hard/libnosys.a(sbrk.o)
 .ARM.attributes
                0x00000b57       0x22 /usr/lib/gcc/arm-none-eabi/13.2.0/thumb/v7e-m+fp/hard/libgcc.a(_aeabi_uldivmod.o)
 .ARM.attributes
                0x00000b79       0x34 /usr/lib/gcc/arm-none-eabi/13.2.0/thumb/v7e-m+fp/hard/libgcc.a(_udivmoddi4.o)
 .ARM.attributes
                0x00000bad       0x22 /usr/lib/gcc/arm-none-eabi/13.2.0/thumb/v7e-m+fp/hard/libgcc.a(_dvmd_tls.o)
 .ARM.attributes
                0x00000bcf       0x34 /usr/lib/gcc/arm-none-eabi/13.2.0/thumb/v7e-m+fp/hard/crtend.o
 .ARM.attributes
                0x00000c03       0x22 /usr/lib/gcc/arm-none-eabi/13.2.0/thumb/v7e-m+fp/hard/crtn.o
OUTPUT(build/KeyPad-ZIPv3.elf elf32-littlearm)
LOAD linker stubs
LOAD /usr/lib/gcc/arm-none-eabi/13.2.0/../../../../arm-none-eabi/lib/thumb/v7e-m+fp/hard/libc.a
LOAD /usr/lib/gcc/arm-none-eabi/13.2.0/../../../../arm-none-eabi/lib/thumb/v7e-m+fp/hard/libm.a
LOAD /usr/lib/gcc/arm-none-eabi/13.2.0/thumb/v7e-m+fp/hard/libgcc.a

.comment        0x00000000       0x46
 .comment       0x00000000       0x46 /usr/lib/gcc/arm-none-eabi/13.2.0/thumb/v7e-m+fp/hard/crtbegin.o
                                 0x24 (size before relaxing)
 .comment       0x00000046       0x24 build/main.o
 .comment       0x00000046       0x24 build/stm32f4xx_it.o
 .comment       0x00000046       0x24 build/stm32f4xx_hal_msp.o
 .comment       0x00000046       0x24 build/stm32f4xx_hal_tim.o
 .comment       0x00000046       0x24 build/stm32f4xx_hal_tim_ex.o
 .comment       0x00000046       0x24 build/stm32f4xx_hal_rcc.o
 .comment       0x00000046       0x24 build/stm32f4xx_hal_gpio.o
 .comment       0x00000046       0x24 build/stm32f4xx_hal_dma.o
 .comment       0x00000046       0x24 build/stm32f4xx_hal_cortex.o
 .comment       0x00000046       0x24 build/stm32f4xx_hal.o
 .comment       0x00000046       0x24 build/system_stm32f4xx.o
 .comment       0x00000046       0x24 build/stm32f4xx_hal_uart.o
 .comment       0x00000046       0x24 build/list.o
 .comment       0x00000046       0x24 build/queue.o
 .comment       0x00000046       0x24 build/tasks.o
 .comment       0x00000046       0x24 build/timers.o
 .comment       0x00000046       0x24 build/cmsis_os2.o
 .comment       0x00000046       0x24 build/heap_4.o
 .comment       0x00000046       0x24 build/port.o
 .comment       0x00000046       0x24 build/stm32f4xx_hal_timebase_tim.o
 .comment       0x00000046       0x24 /usr/lib/gcc/arm-none-eabi/13.2.0/../../../../arm-none-eabi/lib/thumb/v7e-m+fp/hard/libc_nano.a(libc_a-findfp.o)
 .comment       0x00000046       0x24 /usr/lib/gcc/arm-none-eabi/13.2.0/../../../../arm-none-eabi/lib/thumb/v7e-m+fp/hard/libc_nano.a(libc_a-fwalk.o)
 .comment       0x00000046       0x24 /usr/lib/gcc/arm-none-eabi/13.2.0/../../../../arm-none-eabi/lib/thumb/v7e-m+fp/hard/libc_nano.a(libc_a-printf.o)
 .comment       0x00000046       0x24 /usr/lib/gcc/arm-none-eabi/13.2.0/../../../../arm-none-eabi/lib/thumb/v7e-m+fp/hard/libc_nano.a(libc_a-puts.o)
 .comment       0x00000046       0x24 /usr/lib/gcc/arm-none-eabi/13.2.0/../../../../arm-none-eabi/lib/thumb/v7e-m+fp/hard/libc_nano.a(libc_a-stdio.o)
 .comment       0x00000046       0x24 /usr/lib/gcc/arm-none-eabi/13.2.0/../../../../arm-none-eabi/lib/thumb/v7e-m+fp/hard/libc_nano.a(libc_a-wbuf.o)
 .comment       0x00000046       0x24 /usr/lib/gcc/arm-none-eabi/13.2.0/../../../../arm-none-eabi/lib/thumb/v7e-m+fp/hard/libc_nano.a(libc_a-wsetup.o)
 .comment       0x00000046       0x24 /usr/lib/gcc/arm-none-eabi/13.2.0/../../../../arm-none-eabi/lib/thumb/v7e-m+fp/hard/libc_nano.a(libc_a-memset.o)
 .comment       0x00000046       0x24 /usr/lib/gcc/arm-none-eabi/13.2.0/../../../../arm-none-eabi/lib/thumb/v7e-m+fp/hard/libc_nano.a(libc_a-closer.o)
 .comment       0x00000046       0x24 /usr/lib/gcc/arm-none-eabi/13.2.0/../../../../arm-none-eabi/lib/thumb/v7e-m+fp/hard/libc_nano.a(libc_a-reent.o)
 .comment       0x00000046       0x24 /usr/lib/gcc/arm-none-eabi/13.2.0/../../../../arm-none-eabi/lib/thumb/v7e-m+fp/hard/libc_nano.a(libc_a-impure.o)
 .comment       0x00000046       0x24 /usr/lib/gcc/arm-none-eabi/13.2.0/../../../../arm-none-eabi/lib/thumb/v7e-m+fp/hard/libc_nano.a(libc_a-lseekr.o)
 .comment       0x00000046       0x24 /usr/lib/gcc/arm-none-eabi/13.2.0/../../../../arm-none-eabi/lib/thumb/v7e-m+fp/hard/libc_nano.a(libc_a-readr.o)
 .comment       0x00000046       0x24 /usr/lib/gcc/arm-none-eabi/13.2.0/../../../../arm-none-eabi/lib/thumb/v7e-m+fp/hard/libc_nano.a(libc_a-writer.o)
 .comment       0x00000046       0x24 /usr/lib/gcc/arm-none-eabi/13.2.0/../../../../arm-none-eabi/lib/thumb/v7e-m+fp/hard/libc_nano.a(libc_a-init.o)
 .comment       0x00000046       0x24 /usr/lib/gcc/arm-none-eabi/13.2.0/../../../../arm-none-eabi/lib/thumb/v7e-m+fp/hard/libc_nano.a(libc_a-lock.o)
 .comment       0x00000046       0x24 /usr/lib/gcc/arm-none-eabi/13.2.0/../../../../arm-none-eabi/lib/thumb/v7e-m+fp/hard/libc_nano.a(libc_a-memcpy-stub.o)
 .comment       0x00000046       0x24 /usr/lib/gcc/arm-none-eabi/13.2.0/../../../../arm-none-eabi/lib/thumb/v7e-m+fp/hard/libc_nano.a(libc_a-freer.o)
 .comment       0x00000046       0x24 /usr/lib/gcc/arm-none-eabi/13.2.0/../../../../arm-none-eabi/lib/thumb/v7e-m+fp/hard/libc_nano.a(libc_a-mallocr.o)
 .comment       0x00000046       0x24 /usr/lib/gcc/arm-none-eabi/13.2.0/../../../../arm-none-eabi/lib/thumb/v7e-m+fp/hard/libc_nano.a(libc_a-mlock.o)
 .comment       0x00000046       0x24 /usr/lib/gcc/arm-none-eabi/13.2.0/../../../../arm-none-eabi/lib/thumb/v7e-m+fp/hard/libc_nano.a(libc_a-nano-vfprintf.o)
 .comment       0x00000046       0x24 /usr/lib/gcc/arm-none-eabi/13.2.0/../../../../arm-none-eabi/lib/thumb/v7e-m+fp/hard/libc_nano.a(libc_a-nano-vfprintf_i.o)
 .comment       0x00000046       0x24 /usr/lib/gcc/arm-none-eabi/13.2.0/../../../../arm-none-eabi/lib/thumb/v7e-m+fp/hard/libc_nano.a(libc_a-fflush.o)
 .comment       0x00000046       0x24 /usr/lib/gcc/arm-none-eabi/13.2.0/../../../../arm-none-eabi/lib/thumb/v7e-m+fp/hard/libc_nano.a(libc_a-makebuf.o)
 .comment       0x00000046       0x24 /usr/lib/gcc/arm-none-eabi/13.2.0/../../../../arm-none-eabi/lib/thumb/v7e-m+fp/hard/libc_nano.a(libc_a-fstatr.o)
 .comment       0x00000046       0x24 /usr/lib/gcc/arm-none-eabi/13.2.0/../../../../arm-none-eabi/lib/thumb/v7e-m+fp/hard/libc_nano.a(libc_a-isattyr.o)
 .comment       0x00000046       0x24 /usr/lib/gcc/arm-none-eabi/13.2.0/../../../../arm-none-eabi/lib/thumb/v7e-m+fp/hard/libc_nano.a(libc_a-sbrkr.o)
 .comment       0x00000046       0x24 /usr/lib/gcc/arm-none-eabi/13.2.0/../../../../arm-none-eabi/lib/thumb/v7e-m+fp/hard/libnosys.a(close.o)
 .comment       0x00000046       0x24 /usr/lib/gcc/arm-none-eabi/13.2.0/../../../../arm-none-eabi/lib/thumb/v7e-m+fp/hard/libnosys.a(fstat.o)
 .comment       0x00000046       0x24 /usr/lib/gcc/arm-none-eabi/13.2.0/../../../../arm-none-eabi/lib/thumb/v7e-m+fp/hard/libnosys.a(isatty.o)
 .comment       0x00000046       0x24 /usr/lib/gcc/arm-none-eabi/13.2.0/../../../../arm-none-eabi/lib/thumb/v7e-m+fp/hard/libnosys.a(lseek.o)
 .comment       0x00000046       0x24 /usr/lib/gcc/arm-none-eabi/13.2.0/../../../../arm-none-eabi/lib/thumb/v7e-m+fp/hard/libnosys.a(read.o)
 .comment       0x00000046       0x24 /usr/lib/gcc/arm-none-eabi/13.2.0/../../../../arm-none-eabi/lib/thumb/v7e-m+fp/hard/libnosys.a(sbrk.o)
 .comment       0x00000046       0x24 /usr/lib/gcc/arm-none-eabi/13.2.0/thumb/v7e-m+fp/hard/libgcc.a(_udivmoddi4.o)
 .comment       0x00000046       0x24 /usr/lib/gcc/arm-none-eabi/13.2.0/thumb/v7e-m+fp/hard/crtend.o

.debug_info     0x00000000    0x2fe6d
 .debug_info    0x00000000     0x2402 build/main.o
 .debug_info    0x00002402      0xb13 build/stm32f4xx_it.o
 .debug_info    0x00002f15     0x12de build/stm32f4xx_hal_msp.o
 .debug_info    0x000041f3     0x4122 build/stm32f4xx_hal_tim.o
 .debug_info    0x00008315     0x1d76 build/stm32f4xx_hal_tim_ex.o
 .debug_info    0x0000a08b      0xc0a build/stm32f4xx_hal_rcc.o
 .debug_info    0x0000ac95      0x848 build/stm32f4xx_hal_gpio.o
 .debug_info    0x0000b4dd      0xbce build/stm32f4xx_hal_dma.o
 .debug_info    0x0000c0ab     0x1174 build/stm32f4xx_hal_cortex.o
 .debug_info    0x0000d21f      0xae8 build/stm32f4xx_hal.o
 .debug_info    0x0000dd07      0x5b3 build/system_stm32f4xx.o
 .debug_info    0x0000e2ba     0x44af build/stm32f4xx_hal_uart.o
 .debug_info    0x00012769      0x30f build/list.o
 .debug_info    0x00012a78     0x2a48 build/queue.o
 .debug_info    0x000154c0     0x33ae build/tasks.o
 .debug_info    0x0001886e     0x1d2b build/timers.o
 .debug_info    0x0001a599     0x5395 build/cmsis_os2.o
 .debug_info    0x0001f92e      0x60c build/heap_4.o
 .debug_info    0x0001ff3a      0x5c2 build/port.o
 .debug_info    0x000204fc      0xdd0 build/stm32f4xx_hal_timebase_tim.o
 .debug_info    0x000212cc       0x30 build/startup_stm32f405xx.o
 .debug_info    0x000212fc      0xfb5 /usr/lib/gcc/arm-none-eabi/13.2.0/../../../../arm-none-eabi/lib/thumb/v7e-m+fp/hard/libc_nano.a(libc_a-findfp.o)
 .debug_info    0x000222b1      0x7d2 /usr/lib/gcc/arm-none-eabi/13.2.0/../../../../arm-none-eabi/lib/thumb/v7e-m+fp/hard/libc_nano.a(libc_a-fwalk.o)
 .debug_info    0x00022a83      0x841 /usr/lib/gcc/arm-none-eabi/13.2.0/../../../../arm-none-eabi/lib/thumb/v7e-m+fp/hard/libc_nano.a(libc_a-printf.o)
 .debug_info    0x000232c4      0x950 /usr/lib/gcc/arm-none-eabi/13.2.0/../../../../arm-none-eabi/lib/thumb/v7e-m+fp/hard/libc_nano.a(libc_a-puts.o)
 .debug_info    0x00023c14      0xa90 /usr/lib/gcc/arm-none-eabi/13.2.0/../../../../arm-none-eabi/lib/thumb/v7e-m+fp/hard/libc_nano.a(libc_a-stdio.o)
 .debug_info    0x000246a4      0x874 /usr/lib/gcc/arm-none-eabi/13.2.0/../../../../arm-none-eabi/lib/thumb/v7e-m+fp/hard/libc_nano.a(libc_a-wbuf.o)
 .debug_info    0x00024f18      0x7bb /usr/lib/gcc/arm-none-eabi/13.2.0/../../../../arm-none-eabi/lib/thumb/v7e-m+fp/hard/libc_nano.a(libc_a-wsetup.o)
 .debug_info    0x000256d3       0xe0 /usr/lib/gcc/arm-none-eabi/13.2.0/../../../../arm-none-eabi/lib/thumb/v7e-m+fp/hard/libc_nano.a(libc_a-memset.o)
 .debug_info    0x000257b3      0x75c /usr/lib/gcc/arm-none-eabi/13.2.0/../../../../arm-none-eabi/lib/thumb/v7e-m+fp/hard/libc_nano.a(libc_a-closer.o)
 .debug_info    0x00025f0f      0x8a1 /usr/lib/gcc/arm-none-eabi/13.2.0/../../../../arm-none-eabi/lib/thumb/v7e-m+fp/hard/libc_nano.a(libc_a-reent.o)
 .debug_info    0x000267b0      0x715 /usr/lib/gcc/arm-none-eabi/13.2.0/../../../../arm-none-eabi/lib/thumb/v7e-m+fp/hard/libc_nano.a(libc_a-impure.o)
 .debug_info    0x00026ec5      0x7a8 /usr/lib/gcc/arm-none-eabi/13.2.0/../../../../arm-none-eabi/lib/thumb/v7e-m+fp/hard/libc_nano.a(libc_a-lseekr.o)
 .debug_info    0x0002766d      0x7bf /usr/lib/gcc/arm-none-eabi/13.2.0/../../../../arm-none-eabi/lib/thumb/v7e-m+fp/hard/libc_nano.a(libc_a-readr.o)
 .debug_info    0x00027e2c      0x7c5 /usr/lib/gcc/arm-none-eabi/13.2.0/../../../../arm-none-eabi/lib/thumb/v7e-m+fp/hard/libc_nano.a(libc_a-writer.o)
 .debug_info    0x000285f1      0x10b /usr/lib/gcc/arm-none-eabi/13.2.0/../../../../arm-none-eabi/lib/thumb/v7e-m+fp/hard/libc_nano.a(libc_a-init.o)
 .debug_info    0x000286fc      0x218 /usr/lib/gcc/arm-none-eabi/13.2.0/../../../../arm-none-eabi/lib/thumb/v7e-m+fp/hard/libc_nano.a(libc_a-lock.o)
 .debug_info    0x00028914      0x121 /usr/lib/gcc/arm-none-eabi/13.2.0/../../../../arm-none-eabi/lib/thumb/v7e-m+fp/hard/libc_nano.a(libc_a-memcpy-stub.o)
 .debug_info    0x00028a35      0x851 /usr/lib/gcc/arm-none-eabi/13.2.0/../../../../arm-none-eabi/lib/thumb/v7e-m+fp/hard/libc_nano.a(libc_a-freer.o)
 .debug_info    0x00029286      0x9bc /usr/lib/gcc/arm-none-eabi/13.2.0/../../../../arm-none-eabi/lib/thumb/v7e-m+fp/hard/libc_nano.a(libc_a-mallocr.o)
 .debug_info    0x00029c42      0x76b /usr/lib/gcc/arm-none-eabi/13.2.0/../../../../arm-none-eabi/lib/thumb/v7e-m+fp/hard/libc_nano.a(libc_a-mlock.o)
 .debug_info    0x0002a3ad     0x1094 /usr/lib/gcc/arm-none-eabi/13.2.0/../../../../arm-none-eabi/lib/thumb/v7e-m+fp/hard/libc_nano.a(libc_a-nano-vfprintf.o)
 .debug_info    0x0002b441      0xde2 /usr/lib/gcc/arm-none-eabi/13.2.0/../../../../arm-none-eabi/lib/thumb/v7e-m+fp/hard/libc_nano.a(libc_a-nano-vfprintf_i.o)
 .debug_info    0x0002c223      0x9f2 /usr/lib/gcc/arm-none-eabi/13.2.0/../../../../arm-none-eabi/lib/thumb/v7e-m+fp/hard/libc_nano.a(libc_a-fflush.o)
 .debug_info    0x0002cc15      0xb1a /usr/lib/gcc/arm-none-eabi/13.2.0/../../../../arm-none-eabi/lib/thumb/v7e-m+fp/hard/libc_nano.a(libc_a-makebuf.o)
 .debug_info    0x0002d72f      0x981 /usr/lib/gcc/arm-none-eabi/13.2.0/../../../../arm-none-eabi/lib/thumb/v7e-m+fp/hard/libc_nano.a(libc_a-fstatr.o)
 .debug_info    0x0002e0b0      0x75c /usr/lib/gcc/arm-none-eabi/13.2.0/../../../../arm-none-eabi/lib/thumb/v7e-m+fp/hard/libc_nano.a(libc_a-isattyr.o)
 .debug_info    0x0002e80c      0x782 /usr/lib/gcc/arm-none-eabi/13.2.0/../../../../arm-none-eabi/lib/thumb/v7e-m+fp/hard/libc_nano.a(libc_a-sbrkr.o)
 .debug_info    0x0002ef8e       0x25 /usr/lib/gcc/arm-none-eabi/13.2.0/../../../../arm-none-eabi/lib/thumb/v7e-m+fp/hard/libc_nano.a(libc_a-memchr.o)
 .debug_info    0x0002efb3       0xde /usr/lib/gcc/arm-none-eabi/13.2.0/../../../../arm-none-eabi/lib/thumb/v7e-m+fp/hard/libnosys.a(close.o)
 .debug_info    0x0002f091      0x2f7 /usr/lib/gcc/arm-none-eabi/13.2.0/../../../../arm-none-eabi/lib/thumb/v7e-m+fp/hard/libnosys.a(fstat.o)
 .debug_info    0x0002f388       0xde /usr/lib/gcc/arm-none-eabi/13.2.0/../../../../arm-none-eabi/lib/thumb/v7e-m+fp/hard/libnosys.a(isatty.o)
 .debug_info    0x0002f466      0x100 /usr/lib/gcc/arm-none-eabi/13.2.0/../../../../arm-none-eabi/lib/thumb/v7e-m+fp/hard/libnosys.a(lseek.o)
 .debug_info    0x0002f566      0x106 /usr/lib/gcc/arm-none-eabi/13.2.0/../../../../arm-none-eabi/lib/thumb/v7e-m+fp/hard/libnosys.a(read.o)
 .debug_info    0x0002f66c       0xac /usr/lib/gcc/arm-none-eabi/13.2.0/../../../../arm-none-eabi/lib/thumb/v7e-m+fp/hard/libnosys.a(sbrk.o)
 .debug_info    0x0002f718       0x24 /usr/lib/gcc/arm-none-eabi/13.2.0/thumb/v7e-m+fp/hard/libgcc.a(_aeabi_uldivmod.o)
 .debug_info    0x0002f73c      0x6f5 /usr/lib/gcc/arm-none-eabi/13.2.0/thumb/v7e-m+fp/hard/libgcc.a(_udivmoddi4.o)
 .debug_info    0x0002fe31       0x3c /usr/lib/gcc/arm-none-eabi/13.2.0/thumb/v7e-m+fp/hard/libgcc.a(_dvmd_tls.o)

.debug_abbrev   0x00000000     0x73e3
 .debug_abbrev  0x00000000      0x3a4 build/main.o
 .debug_abbrev  0x000003a4      0x184 build/stm32f4xx_it.o
 .debug_abbrev  0x00000528      0x1e9 build/stm32f4xx_hal_msp.o
 .debug_abbrev  0x00000711      0x2b6 build/stm32f4xx_hal_tim.o
 .debug_abbrev  0x000009c7      0x2b0 build/stm32f4xx_hal_tim_ex.o
 .debug_abbrev  0x00000c77      0x2de build/stm32f4xx_hal_rcc.o
 .debug_abbrev  0x00000f55      0x22b build/stm32f4xx_hal_gpio.o
 .debug_abbrev  0x00001180      0x2fe build/stm32f4xx_hal_dma.o
 .debug_abbrev  0x0000147e      0x3d3 build/stm32f4xx_hal_cortex.o
 .debug_abbrev  0x00001851      0x244 build/stm32f4xx_hal.o
 .debug_abbrev  0x00001a95      0x11b build/system_stm32f4xx.o
 .debug_abbrev  0x00001bb0      0x36f build/stm32f4xx_hal_uart.o
 .debug_abbrev  0x00001f1f      0x124 build/list.o
 .debug_abbrev  0x00002043      0x431 build/queue.o
 .debug_abbrev  0x00002474      0x400 build/tasks.o
 .debug_abbrev  0x00002874      0x3d4 build/timers.o
 .debug_abbrev  0x00002c48      0x5ca build/cmsis_os2.o
 .debug_abbrev  0x00003212      0x27a build/heap_4.o
 .debug_abbrev  0x0000348c      0x2af build/port.o
 .debug_abbrev  0x0000373b      0x22d build/stm32f4xx_hal_timebase_tim.o
 .debug_abbrev  0x00003968       0x1d build/startup_stm32f405xx.o
 .debug_abbrev  0x00003985      0x424 /usr/lib/gcc/arm-none-eabi/13.2.0/../../../../arm-none-eabi/lib/thumb/v7e-m+fp/hard/libc_nano.a(libc_a-findfp.o)
 .debug_abbrev  0x00003da9      0x19b /usr/lib/gcc/arm-none-eabi/13.2.0/../../../../arm-none-eabi/lib/thumb/v7e-m+fp/hard/libc_nano.a(libc_a-fwalk.o)
 .debug_abbrev  0x00003f44      0x21a /usr/lib/gcc/arm-none-eabi/13.2.0/../../../../arm-none-eabi/lib/thumb/v7e-m+fp/hard/libc_nano.a(libc_a-printf.o)
 .debug_abbrev  0x0000415e      0x2a7 /usr/lib/gcc/arm-none-eabi/13.2.0/../../../../arm-none-eabi/lib/thumb/v7e-m+fp/hard/libc_nano.a(libc_a-puts.o)
 .debug_abbrev  0x00004405      0x221 /usr/lib/gcc/arm-none-eabi/13.2.0/../../../../arm-none-eabi/lib/thumb/v7e-m+fp/hard/libc_nano.a(libc_a-stdio.o)
 .debug_abbrev  0x00004626      0x22d /usr/lib/gcc/arm-none-eabi/13.2.0/../../../../arm-none-eabi/lib/thumb/v7e-m+fp/hard/libc_nano.a(libc_a-wbuf.o)
 .debug_abbrev  0x00004853      0x1e2 /usr/lib/gcc/arm-none-eabi/13.2.0/../../../../arm-none-eabi/lib/thumb/v7e-m+fp/hard/libc_nano.a(libc_a-wsetup.o)
 .debug_abbrev  0x00004a35       0x9e /usr/lib/gcc/arm-none-eabi/13.2.0/../../../../arm-none-eabi/lib/thumb/v7e-m+fp/hard/libc_nano.a(libc_a-memset.o)
 .debug_abbrev  0x00004ad3      0x1b0 /usr/lib/gcc/arm-none-eabi/13.2.0/../../../../arm-none-eabi/lib/thumb/v7e-m+fp/hard/libc_nano.a(libc_a-closer.o)
 .debug_abbrev  0x00004c83      0x1f7 /usr/lib/gcc/arm-none-eabi/13.2.0/../../../../arm-none-eabi/lib/thumb/v7e-m+fp/hard/libc_nano.a(libc_a-reent.o)
 .debug_abbrev  0x00004e7a      0x149 /usr/lib/gcc/arm-none-eabi/13.2.0/../../../../arm-none-eabi/lib/thumb/v7e-m+fp/hard/libc_nano.a(libc_a-impure.o)
 .debug_abbrev  0x00004fc3      0x1c4 /usr/lib/gcc/arm-none-eabi/13.2.0/../../../../arm-none-eabi/lib/thumb/v7e-m+fp/hard/libc_nano.a(libc_a-lseekr.o)
 .debug_abbrev  0x00005187      0x1b0 /usr/lib/gcc/arm-none-eabi/13.2.0/../../../../arm-none-eabi/lib/thumb/v7e-m+fp/hard/libc_nano.a(libc_a-readr.o)
 .debug_abbrev  0x00005337      0x1b5 /usr/lib/gcc/arm-none-eabi/13.2.0/../../../../arm-none-eabi/lib/thumb/v7e-m+fp/hard/libc_nano.a(libc_a-writer.o)
 .debug_abbrev  0x000054ec       0xc9 /usr/lib/gcc/arm-none-eabi/13.2.0/../../../../arm-none-eabi/lib/thumb/v7e-m+fp/hard/libc_nano.a(libc_a-init.o)
 .debug_abbrev  0x000055b5      0x115 /usr/lib/gcc/arm-none-eabi/13.2.0/../../../../arm-none-eabi/lib/thumb/v7e-m+fp/hard/libc_nano.a(libc_a-lock.o)
 .debug_abbrev  0x000056ca       0xc1 /usr/lib/gcc/arm-none-eabi/13.2.0/../../../../arm-none-eabi/lib/thumb/v7e-m+fp/hard/libc_nano.a(libc_a-memcpy-stub.o)
 .debug_abbrev  0x0000578b      0x236 /usr/lib/gcc/arm-none-eabi/13.2.0/../../../../arm-none-eabi/lib/thumb/v7e-m+fp/hard/libc_nano.a(libc_a-freer.o)
 .debug_abbrev  0x000059c1      0x24a /usr/lib/gcc/arm-none-eabi/13.2.0/../../../../arm-none-eabi/lib/thumb/v7e-m+fp/hard/libc_nano.a(libc_a-mallocr.o)
 .debug_abbrev  0x00005c0b      0x1bf /usr/lib/gcc/arm-none-eabi/13.2.0/../../../../arm-none-eabi/lib/thumb/v7e-m+fp/hard/libc_nano.a(libc_a-mlock.o)
 .debug_abbrev  0x00005dca      0x316 /usr/lib/gcc/arm-none-eabi/13.2.0/../../../../arm-none-eabi/lib/thumb/v7e-m+fp/hard/libc_nano.a(libc_a-nano-vfprintf.o)
 .debug_abbrev  0x000060e0      0x28e /usr/lib/gcc/arm-none-eabi/13.2.0/../../../../arm-none-eabi/lib/thumb/v7e-m+fp/hard/libc_nano.a(libc_a-nano-vfprintf_i.o)
 .debug_abbrev  0x0000636e      0x2b2 /usr/lib/gcc/arm-none-eabi/13.2.0/../../../../arm-none-eabi/lib/thumb/v7e-m+fp/hard/libc_nano.a(libc_a-fflush.o)
 .debug_abbrev  0x00006620      0x28e /usr/lib/gcc/arm-none-eabi/13.2.0/../../../../arm-none-eabi/lib/thumb/v7e-m+fp/hard/libc_nano.a(libc_a-makebuf.o)
 .debug_abbrev  0x000068ae      0x1c3 /usr/lib/gcc/arm-none-eabi/13.2.0/../../../../arm-none-eabi/lib/thumb/v7e-m+fp/hard/libc_nano.a(libc_a-fstatr.o)
 .debug_abbrev  0x00006a71      0x1b0 /usr/lib/gcc/arm-none-eabi/13.2.0/../../../../arm-none-eabi/lib/thumb/v7e-m+fp/hard/libc_nano.a(libc_a-isattyr.o)
 .debug_abbrev  0x00006c21      0x1da /usr/lib/gcc/arm-none-eabi/13.2.0/../../../../arm-none-eabi/lib/thumb/v7e-m+fp/hard/libc_nano.a(libc_a-sbrkr.o)
 .debug_abbrev  0x00006dfb       0x14 /usr/lib/gcc/arm-none-eabi/13.2.0/../../../../arm-none-eabi/lib/thumb/v7e-m+fp/hard/libc_nano.a(libc_a-memchr.o)
 .debug_abbrev  0x00006e0f       0x96 /usr/lib/gcc/arm-none-eabi/13.2.0/../../../../arm-none-eabi/lib/thumb/v7e-m+fp/hard/libnosys.a(close.o)
 .debug_abbrev  0x00006ea5       0xe4 /usr/lib/gcc/arm-none-eabi/13.2.0/../../../../arm-none-eabi/lib/thumb/v7e-m+fp/hard/libnosys.a(fstat.o)
 .debug_abbrev  0x00006f89       0x96 /usr/lib/gcc/arm-none-eabi/13.2.0/../../../../arm-none-eabi/lib/thumb/v7e-m+fp/hard/libnosys.a(isatty.o)
 .debug_abbrev  0x0000701f       0xbb /usr/lib/gcc/arm-none-eabi/13.2.0/../../../../arm-none-eabi/lib/thumb/v7e-m+fp/hard/libnosys.a(lseek.o)
 .debug_abbrev  0x000070da       0xc4 /usr/lib/gcc/arm-none-eabi/13.2.0/../../../../arm-none-eabi/lib/thumb/v7e-m+fp/hard/libnosys.a(read.o)
 .debug_abbrev  0x0000719e       0xa1 /usr/lib/gcc/arm-none-eabi/13.2.0/../../../../arm-none-eabi/lib/thumb/v7e-m+fp/hard/libnosys.a(sbrk.o)
 .debug_abbrev  0x0000723f       0x14 /usr/lib/gcc/arm-none-eabi/13.2.0/thumb/v7e-m+fp/hard/libgcc.a(_aeabi_uldivmod.o)
 .debug_abbrev  0x00007253      0x16a /usr/lib/gcc/arm-none-eabi/13.2.0/thumb/v7e-m+fp/hard/libgcc.a(_udivmoddi4.o)
 .debug_abbrev  0x000073bd       0x26 /usr/lib/gcc/arm-none-eabi/13.2.0/thumb/v7e-m+fp/hard/libgcc.a(_dvmd_tls.o)

.debug_loc      0x00000000    0x1d9c1
 .debug_loc     0x00000000      0x54a build/main.o
 .debug_loc     0x0000054a       0x80 build/stm32f4xx_it.o
 .debug_loc     0x000005ca      0x2c6 build/stm32f4xx_hal_msp.o
 .debug_loc     0x00000890     0x606e build/stm32f4xx_hal_tim.o
 .debug_loc     0x000068fe     0x2265 build/stm32f4xx_hal_tim_ex.o
 .debug_loc     0x00008b63      0x720 build/stm32f4xx_hal_rcc.o
 .debug_loc     0x00009283      0x60b build/stm32f4xx_hal_gpio.o
 .debug_loc     0x0000988e      0xe9a build/stm32f4xx_hal_dma.o
 .debug_loc     0x0000a728      0x8df build/stm32f4xx_hal_cortex.o
 .debug_loc     0x0000b007      0x1f9 build/stm32f4xx_hal.o
 .debug_loc     0x0000b200      0x181 build/system_stm32f4xx.o
 .debug_loc     0x0000b381     0x52b6 build/stm32f4xx_hal_uart.o
 .debug_loc     0x00010637       0xeb build/list.o
 .debug_loc     0x00010722     0x20d9 build/queue.o
 .debug_loc     0x000127fb     0x2bf5 build/tasks.o
 .debug_loc     0x000153f0     0x16fe build/timers.o
 .debug_loc     0x00016aee     0x6694 build/cmsis_os2.o
 .debug_loc     0x0001d182      0x51c build/heap_4.o
 .debug_loc     0x0001d69e      0x1c6 build/port.o
 .debug_loc     0x0001d864      0x15d build/stm32f4xx_hal_timebase_tim.o

.debug_aranges  0x00000000     0x1a08
 .debug_aranges
                0x00000000       0xa8 build/main.o
 .debug_aranges
                0x000000a8       0x68 build/stm32f4xx_it.o
 .debug_aranges
                0x00000110       0x40 build/stm32f4xx_hal_msp.o
 .debug_aranges
                0x00000150      0x3d0 build/stm32f4xx_hal_tim.o
 .debug_aranges
                0x00000520      0x168 build/stm32f4xx_hal_tim_ex.o
 .debug_aranges
                0x00000688       0x88 build/stm32f4xx_hal_rcc.o
 .debug_aranges
                0x00000710       0x58 build/stm32f4xx_hal_gpio.o
 .debug_aranges
                0x00000768       0x90 build/stm32f4xx_hal_dma.o
 .debug_aranges
                0x000007f8       0xd8 build/stm32f4xx_hal_cortex.o
 .debug_aranges
                0x000008d0       0xf0 build/stm32f4xx_hal.o
 .debug_aranges
                0x000009c0       0x28 build/system_stm32f4xx.o
 .debug_aranges
                0x000009e8      0x200 build/stm32f4xx_hal_uart.o
 .debug_aranges
                0x00000be8       0x40 build/list.o
 .debug_aranges
                0x00000c28      0x158 build/queue.o
 .debug_aranges
                0x00000d80      0x208 build/tasks.o
 .debug_aranges
                0x00000f88       0xf0 build/timers.o
 .debug_aranges
                0x00001078      0x2a0 build/cmsis_os2.o
 .debug_aranges
                0x00001318       0x58 build/heap_4.o
 .debug_aranges
                0x00001370       0x80 build/port.o
 .debug_aranges
                0x000013f0       0x30 build/stm32f4xx_hal_timebase_tim.o
 .debug_aranges
                0x00001420       0x28 build/startup_stm32f405xx.o
 .debug_aranges
                0x00001448       0x78 /usr/lib/gcc/arm-none-eabi/13.2.0/../../../../arm-none-eabi/lib/thumb/v7e-m+fp/hard/libc_nano.a(libc_a-findfp.o)
 .debug_aranges
                0x000014c0       0x20 /usr/lib/gcc/arm-none-eabi/13.2.0/../../../../arm-none-eabi/lib/thumb/v7e-m+fp/hard/libc_nano.a(libc_a-fwalk.o)
 .debug_aranges
                0x000014e0       0x28 /usr/lib/gcc/arm-none-eabi/13.2.0/../../../../arm-none-eabi/lib/thumb/v7e-m+fp/hard/libc_nano.a(libc_a-printf.o)
 .debug_aranges
                0x00001508       0x28 /usr/lib/gcc/arm-none-eabi/13.2.0/../../../../arm-none-eabi/lib/thumb/v7e-m+fp/hard/libc_nano.a(libc_a-puts.o)
 .debug_aranges
                0x00001530       0x40 /usr/lib/gcc/arm-none-eabi/13.2.0/../../../../arm-none-eabi/lib/thumb/v7e-m+fp/hard/libc_nano.a(libc_a-stdio.o)
 .debug_aranges
                0x00001570       0x28 /usr/lib/gcc/arm-none-eabi/13.2.0/../../../../arm-none-eabi/lib/thumb/v7e-m+fp/hard/libc_nano.a(libc_a-wbuf.o)
 .debug_aranges
                0x00001598       0x20 /usr/lib/gcc/arm-none-eabi/13.2.0/../../../../arm-none-eabi/lib/thumb/v7e-m+fp/hard/libc_nano.a(libc_a-wsetup.o)
 .debug_aranges
                0x000015b8       0x20 /usr/lib/gcc/arm-none-eabi/13.2.0/../../../../arm-none-eabi/lib/thumb/v7e-m+fp/hard/libc_nano.a(libc_a-memset.o)
 .debug_aranges
                0x000015d8       0x20 /usr/lib/gcc/arm-none-eabi/13.2.0/../../../../arm-none-eabi/lib/thumb/v7e-m+fp/hard/libc_nano.a(libc_a-closer.o)
 .debug_aranges
                0x000015f8       0x20 /usr/lib/gcc/arm-none-eabi/13.2.0/../../../../arm-none-eabi/lib/thumb/v7e-m+fp/hard/libc_nano.a(libc_a-reent.o)
 .debug_aranges
                0x00001618       0x18 /usr/lib/gcc/arm-none-eabi/13.2.0/../../../../arm-none-eabi/lib/thumb/v7e-m+fp/hard/libc_nano.a(libc_a-impure.o)
 .debug_aranges
                0x00001630       0x20 /usr/lib/gcc/arm-none-eabi/13.2.0/../../../../arm-none-eabi/lib/thumb/v7e-m+fp/hard/libc_nano.a(libc_a-lseekr.o)
 .debug_aranges
                0x00001650       0x20 /usr/lib/gcc/arm-none-eabi/13.2.0/../../../../arm-none-eabi/lib/thumb/v7e-m+fp/hard/libc_nano.a(libc_a-readr.o)
 .debug_aranges
                0x00001670       0x20 /usr/lib/gcc/arm-none-eabi/13.2.0/../../../../arm-none-eabi/lib/thumb/v7e-m+fp/hard/libc_nano.a(libc_a-writer.o)
 .debug_aranges
                0x00001690       0x20 /usr/lib/gcc/arm-none-eabi/13.2.0/../../../../arm-none-eabi/lib/thumb/v7e-m+fp/hard/libc_nano.a(libc_a-init.o)
 .debug_aranges
                0x000016b0       0x68 /usr/lib/gcc/arm-none-eabi/13.2.0/../../../../arm-none-eabi/lib/thumb/v7e-m+fp/hard/libc_nano.a(libc_a-lock.o)
 .debug_aranges
                0x00001718       0x20 /usr/lib/gcc/arm-none-eabi/13.2.0/../../../../arm-none-eabi/lib/thumb/v7e-m+fp/hard/libc_nano.a(libc_a-memcpy-stub.o)
 .debug_aranges
                0x00001738       0x20 /usr/lib/gcc/arm-none-eabi/13.2.0/../../../../arm-none-eabi/lib/thumb/v7e-m+fp/hard/libc_nano.a(libc_a-freer.o)
 .debug_aranges
                0x00001758       0x28 /usr/lib/gcc/arm-none-eabi/13.2.0/../../../../arm-none-eabi/lib/thumb/v7e-m+fp/hard/libc_nano.a(libc_a-mallocr.o)
 .debug_aranges
                0x00001780       0x28 /usr/lib/gcc/arm-none-eabi/13.2.0/../../../../arm-none-eabi/lib/thumb/v7e-m+fp/hard/libc_nano.a(libc_a-mlock.o)
 .debug_aranges
                0x000017a8       0x40 /usr/lib/gcc/arm-none-eabi/13.2.0/../../../../arm-none-eabi/lib/thumb/v7e-m+fp/hard/libc_nano.a(libc_a-nano-vfprintf.o)
 .debug_aranges
                0x000017e8       0x28 /usr/lib/gcc/arm-none-eabi/13.2.0/../../../../arm-none-eabi/lib/thumb/v7e-m+fp/hard/libc_nano.a(libc_a-nano-vfprintf_i.o)
 .debug_aranges
                0x00001810       0x30 /usr/lib/gcc/arm-none-eabi/13.2.0/../../../../arm-none-eabi/lib/thumb/v7e-m+fp/hard/libc_nano.a(libc_a-fflush.o)
 .debug_aranges
                0x00001840       0x28 /usr/lib/gcc/arm-none-eabi/13.2.0/../../../../arm-none-eabi/lib/thumb/v7e-m+fp/hard/libc_nano.a(libc_a-makebuf.o)
 .debug_aranges
                0x00001868       0x20 /usr/lib/gcc/arm-none-eabi/13.2.0/../../../../arm-none-eabi/lib/thumb/v7e-m+fp/hard/libc_nano.a(libc_a-fstatr.o)
 .debug_aranges
                0x00001888       0x20 /usr/lib/gcc/arm-none-eabi/13.2.0/../../../../arm-none-eabi/lib/thumb/v7e-m+fp/hard/libc_nano.a(libc_a-isattyr.o)
 .debug_aranges
                0x000018a8       0x20 /usr/lib/gcc/arm-none-eabi/13.2.0/../../../../arm-none-eabi/lib/thumb/v7e-m+fp/hard/libc_nano.a(libc_a-sbrkr.o)
 .debug_aranges
                0x000018c8       0x20 /usr/lib/gcc/arm-none-eabi/13.2.0/../../../../arm-none-eabi/lib/thumb/v7e-m+fp/hard/libc_nano.a(libc_a-memchr.o)
 .debug_aranges
                0x000018e8       0x20 /usr/lib/gcc/arm-none-eabi/13.2.0/../../../../arm-none-eabi/lib/thumb/v7e-m+fp/hard/libnosys.a(close.o)
 .debug_aranges
                0x00001908       0x20 /usr/lib/gcc/arm-none-eabi/13.2.0/../../../../arm-none-eabi/lib/thumb/v7e-m+fp/hard/libnosys.a(fstat.o)
 .debug_aranges
                0x00001928       0x20 /usr/lib/gcc/arm-none-eabi/13.2.0/../../../../arm-none-eabi/lib/thumb/v7e-m+fp/hard/libnosys.a(isatty.o)
 .debug_aranges
                0x00001948       0x20 /usr/lib/gcc/arm-none-eabi/13.2.0/../../../../arm-none-eabi/lib/thumb/v7e-m+fp/hard/libnosys.a(lseek.o)
 .debug_aranges
                0x00001968       0x20 /usr/lib/gcc/arm-none-eabi/13.2.0/../../../../arm-none-eabi/lib/thumb/v7e-m+fp/hard/libnosys.a(read.o)
 .debug_aranges
                0x00001988       0x20 /usr/lib/gcc/arm-none-eabi/13.2.0/../../../../arm-none-eabi/lib/thumb/v7e-m+fp/hard/libnosys.a(sbrk.o)
 .debug_aranges
                0x000019a8       0x20 /usr/lib/gcc/arm-none-eabi/13.2.0/thumb/v7e-m+fp/hard/libgcc.a(_aeabi_uldivmod.o)
 .debug_aranges
                0x000019c8       0x20 /usr/lib/gcc/arm-none-eabi/13.2.0/thumb/v7e-m+fp/hard/libgcc.a(_udivmoddi4.o)
 .debug_aranges
                0x000019e8       0x20 /usr/lib/gcc/arm-none-eabi/13.2.0/thumb/v7e-m+fp/hard/libgcc.a(_dvmd_tls.o)

.debug_ranges   0x00000000     0x1570
 .debug_ranges  0x00000000       0xb0 build/main.o
 .debug_ranges  0x000000b0       0x58 build/stm32f4xx_it.o
 .debug_ranges  0x00000108       0x30 build/stm32f4xx_hal_msp.o
 .debug_ranges  0x00000138      0x3c0 build/stm32f4xx_hal_tim.o
 .debug_ranges  0x000004f8      0x158 build/stm32f4xx_hal_tim_ex.o
 .debug_ranges  0x00000650       0x90 build/stm32f4xx_hal_rcc.o
 .debug_ranges  0x000006e0       0x48 build/stm32f4xx_hal_gpio.o
 .debug_ranges  0x00000728       0x80 build/stm32f4xx_hal_dma.o
 .debug_ranges  0x000007a8       0xc8 build/stm32f4xx_hal_cortex.o
 .debug_ranges  0x00000870       0xe0 build/stm32f4xx_hal.o
 .debug_ranges  0x00000950       0x18 build/system_stm32f4xx.o